[emu-full] mapper=4 PRG=16 CHR=32 frames=4200
  f1/4200  fps=4.1  eta=1012s  audio=733  apuWrites=0
  f200/4200  fps=27.1  eta=147s  audio=146770  apuWrites=2
  f400/4200  fps=27.7  eta=137s  audio=293543  apuWrites=1451
  f600/4200  fps=26.7  eta=135s  audio=440333  apuWrites=3762
  f800/4200  fps=27.4  eta=124s  audio=587123  apuWrites=6074
  f1000/4200  fps=24.7  eta=129s  audio=733896  apuWrites=8387
  f1200/4200  fps=24.6  eta=122s  audio=880666  apuWrites=10750
  f1400/4200  fps=25.1  eta=111s  audio=1027437  apuWrites=13034
  f1600/4200  fps=26.7  eta=97s  audio=1174207  apuWrites=15321
  f1800/4200  fps=28.1  eta=86s  audio=1320978  apuWrites=17674
  f2000/4200  fps=29.5  eta=74s  audio=1467748  apuWrites=20068
  f2200/4200  fps=31.1  eta=64s  audio=1614519  apuWrites=22390
  f2400/4200  fps=32.4  eta=56s  audio=1761289  apuWrites=24720
  f2600/4200  fps=33.7  eta=47s  audio=1908060  apuWrites=27081
  f2800/4200  fps=34.6  eta=40s  audio=2054831  apuWrites=29451
  f3000/4200  fps=35.6  eta=34s  audio=2201601  apuWrites=31763
  f3200/4200  fps=36.7  eta=27s  audio=2348372  apuWrites=34084
  f3400/4200  fps=37.1  eta=22s  audio=2495142  apuWrites=36396
  f3600/4200  fps=37.9  eta=16s  audio=2641913  apuWrites=38715
  f3800/4200  fps=38.1  eta=10s  audio=2788685  apuWrites=41107
  f4000/4200  fps=38.3  eta=5s  audio=2935446  apuWrites=43245
  f4200/4200  fps=38.2  eta=0s  audio=3082211  apuWrites=43245
[emu-full] done in 111.0s
  audio samples=3082211 (69.89s)
  apu writes=43245 (3705 frames with writes)
