
<--- Last few GCs --->

[24420:00000247669BFC90]     3414 ms: Scavenge 83.1 (101.4) -> 77.2 (106.6) MB, 35.6 / 0.0 ms  (average mu = 1.000, current mu = 1.000) allocation failure; 
[24420:00000247669BFC90]     3648 ms: Scavenge 87.4 (106.6) -> 84.7 (110.6) MB, 120.4 / 0.0 ms  (average mu = 1.000, current mu = 1.000) allocation failure; 
[24420:00000247669BFC90]     3748 ms: Scavenge 92.2 (110.6) -> 90.1 (118.6) MB, 38.5 / 0.0 ms  (average mu = 1.000, current mu = 1.000) allocation failure; 


<--- JS stacktrace --->

FATAL ERROR: NewSpace::Rebalance Allocation failed - JavaScript heap out of memory
 1: 00007FF645B907BF 
 2: 00007FF645B15796 
 3: 00007FF645B17480 
 4: 00007FF6465BDCC4 
 5: 00007FF6465A9052 
 6: 00007FF64642AF0C 
 7: 00007FF6464018C5 
 8: 00007FF6463FE095 
 9: 00007FF6464323A4 
10: 00007FF646434B29 
11: 00007FF6464279A7 
12: 00007FF646425B85 
13: 00007FF64632C9A2 
14: 00007FF64656D504 
15: 00007FF64656D05C 
16: 00007FF64656CB50 
17: 00007FF64665B2F1 
18: 00007FF6465DC5C0 
19: 00007FF6466CF12E 
20: 00007FF64664C83B 
21: 00007FF6465DC5C0 
22: 00007FF5D32C6722 
