[wait] polling for full run completion (max 45min)...
[wait] 03:15:56 last:   f1400/4332  fps=4.4  eta=669s  audio=1027437  apuWrites=13034  instr=13289158
[wait] 03:16:16 last:   f1400/4332  fps=4.4  eta=669s  audio=1027437  apuWrites=13034  instr=13289158
[wait] 03:16:36 last:   f1400/4332  fps=4.4  eta=669s  audio=1027437  apuWrites=13034  instr=13289158
[wait] 03:16:56 last:   f1400/4332  fps=4.4  eta=669s  audio=1027437  apuWrites=13034  instr=13289158
[wait] 03:17:16 last:   f1400/4332  fps=4.4  eta=669s  audio=1027437  apuWrites=13034  instr=13289158
[wait] 03:17:36 last:   f1400/4332  fps=4.4  eta=669s  audio=1027437  apuWrites=13034  instr=13289158
[wait] 03:17:56 last:   f1400/4332  fps=4.4  eta=669s  audio=1027437  apuWrites=13034  instr=13289158
[wait] 03:18:16 last:   f1400/4332  fps=4.4  eta=669s  audio=1027437  apuWrites=13034  instr=13289158
[wait] 03:18:36 last:   f1400/4332  fps=4.4  eta=669s  audio=1027437  apuWrites=13034  instr=13289158
[wait] 03:18:56 last:   f1400/4332  fps=4.4  eta=669s  audio=1027437  apuWrites=13034  instr=13289158
[wait] 03:19:16 last:   f1400/4332  fps=4.4  eta=669s  audio=1027437  apuWrites=13034  instr=13289158
[wait] 03:19:36 last:   f1400/4332  fps=4.4  eta=669s  audio=1027437  apuWrites=13034  instr=13289158
[wait] 03:19:56 last:   f1400/4332  fps=4.4  eta=669s  audio=1027437  apuWrites=13034  instr=13289158
[wait] 03:20:16 last:   f1400/4332  fps=4.4  eta=669s  audio=1027437  apuWrites=13034  instr=13289158
[wait] 03:20:36 last:   f1400/4332  fps=4.4  eta=669s  audio=1027437  apuWrites=13034  instr=13289158
[wait] 03:20:56 last:   f1400/4332  fps=4.4  eta=669s  audio=1027437  apuWrites=13034  instr=13289158
[wait] 03:21:16 last:   f1400/4332  fps=4.4  eta=669s  audio=1027437  apuWrites=13034  instr=13289158
[wait] 03:21:36 last:   f1400/4332  fps=4.4  eta=669s  audio=1027437  apuWrites=13034  instr=13289158
[wait] 03:21:56 last:   f1400/4332  fps=4.4  eta=669s  audio=1027437  apuWrites=13034  instr=13289158
[wait] 03:22:16 last:   f1400/4332  fps=4.4  eta=669s  audio=1027437  apuWrites=13034  instr=13289158
[wait] 03:22:36 last:   f1400/4332  fps=4.4  eta=669s  audio=1027437  apuWrites=13034  instr=13289158
[wait] 03:22:56 last:   f1400/4332  fps=4.4  eta=669s  audio=1027437  apuWrites=13034  instr=13289158
[wait] 03:23:16 last:   f1400/4332  fps=4.4  eta=669s  audio=1027437  apuWrites=13034  instr=13289158
[wait] 03:23:36 last:   f1400/4332  fps=4.4  eta=669s  audio=1027437  apuWrites=13034  instr=13289158
[wait] 03:23:56 last:   f1400/4332  fps=4.4  eta=669s  audio=1027437  apuWrites=13034  instr=13289158
[wait] 03:24:16 last:   f1400/4332  fps=4.4  eta=669s  audio=1027437  apuWrites=13034  instr=13289158
[wait] 03:24:36 last:   f1400/4332  fps=4.4  eta=669s  audio=1027437  apuWrites=13034  instr=13289158
[wait] 03:24:56 last:   f1400/4332  fps=4.4  eta=669s  audio=1027437  apuWrites=13034  instr=13289158
[wait] 03:25:16 last:   f1400/4332  fps=4.4  eta=669s  audio=1027437  apuWrites=13034  instr=13289158
[wait] 03:25:36 last:   f1400/4332  fps=4.4  eta=669s  audio=1027437  apuWrites=13034  instr=13289158
[wait] 03:25:56 last:   f1400/4332  fps=4.4  eta=669s  audio=1027437  apuWrites=13034  instr=13289158
[wait] 03:26:16 last:   f1400/4332  fps=4.4  eta=669s  audio=1027437  apuWrites=13034  instr=13289158
[wait] 03:26:36 last:   f1400/4332  fps=4.4  eta=669s  audio=1027437  apuWrites=13034  instr=13289158
[wait] 03:26:56 last:   f1400/4332  fps=4.4  eta=669s  audio=1027437  apuWrites=13034  instr=13289158
[wait] 03:27:16 last:   f1400/4332  fps=4.4  eta=669s  audio=1027437  apuWrites=13034  instr=13289158
[wait] 03:27:36 last:   f1400/4332  fps=4.4  eta=669s  audio=1027437  apuWrites=13034  instr=13289158
[wait] 03:27:56 last:   f1400/4332  fps=4.4  eta=669s  audio=1027437  apuWrites=13034  instr=13289158
[wait] 03:28:16 last:   f1400/4332  fps=4.4  eta=669s  audio=1027437  apuWrites=13034  instr=13289158
[wait] 03:28:36 last:   f1400/4332  fps=4.4  eta=669s  audio=1027437  apuWrites=13034  instr=13289158
[wait] 03:28:56 last:   f1400/4332  fps=4.4  eta=669s  audio=1027437  apuWrites=13034  instr=13289158
[wait] 03:29:16 last:   f1400/4332  fps=4.4  eta=669s  audio=1027437  apuWrites=13034  instr=13289158
[wait] 03:29:36 last:   f1400/4332  fps=4.4  eta=669s  audio=1027437  apuWrites=13034  instr=13289158
[wait] 03:29:56 last:   f1400/4332  fps=4.4  eta=669s  audio=1027437  apuWrites=13034  instr=13289158
[wait] 03:30:16 last:   f1400/4332  fps=4.4  eta=669s  audio=1027437  apuWrites=13034  instr=13289158
[wait] 03:30:36 last:   f1400/4332  fps=4.4  eta=669s  audio=1027437  apuWrites=13034  instr=13289158
[wait] 03:30:56 last:   f1400/4332  fps=4.4  eta=669s  audio=1027437  apuWrites=13034  instr=13289158
[wait] 03:31:16 last:   f1400/4332  fps=4.4  eta=669s  audio=1027437  apuWrites=13034  instr=13289158
[wait] 03:31:36 last:   f1400/4332  fps=4.4  eta=669s  audio=1027437  apuWrites=13034  instr=13289158
[wait] 03:31:56 last:   f1400/4332  fps=4.4  eta=669s  audio=1027437  apuWrites=13034  instr=13289158
[wait] 03:32:16 last:   f1400/4332  fps=4.4  eta=669s  audio=1027437  apuWrites=13034  instr=13289158
[wait] 03:32:36 last:   f1400/4332  fps=4.4  eta=669s  audio=1027437  apuWrites=13034  instr=13289158
[wait] 03:32:56 last:   f1400/4332  fps=4.4  eta=669s  audio=1027437  apuWrites=13034  instr=13289158
[wait] 03:33:16 last:   f1400/4332  fps=4.4  eta=669s  audio=1027437  apuWrites=13034  instr=13289158
[wait] 03:33:36 last:   f1400/4332  fps=4.4  eta=669s  audio=1027437  apuWrites=13034  instr=13289158
[wait] 03:33:56 last:   f1400/4332  fps=4.4  eta=669s  audio=1027437  apuWrites=13034  instr=13289158
[wait] 03:34:16 last:   f1400/4332  fps=4.4  eta=669s  audio=1027437  apuWrites=13034  instr=13289158
[wait] 03:34:36 last:   f1400/4332  fps=4.4  eta=669s  audio=1027437  apuWrites=13034  instr=13289158
[wait] 03:34:56 last:   f1400/4332  fps=4.4  eta=669s  audio=1027437  apuWrites=13034  instr=13289158
[wait] 03:35:16 last:   f1400/4332  fps=4.4  eta=669s  audio=1027437  apuWrites=13034  instr=13289158
[wait] 03:35:36 last:   f1400/4332  fps=4.4  eta=669s  audio=1027437  apuWrites=13034  instr=13289158
[wait] 03:35:56 last:   f1400/4332  fps=4.4  eta=669s  audio=1027437  apuWrites=13034  instr=13289158
[wait] 03:36:16 last:   f1400/4332  fps=4.4  eta=669s  audio=1027437  apuWrites=13034  instr=13289158
[wait] 03:36:37 last:   f1400/4332  fps=4.4  eta=669s  audio=1027437  apuWrites=13034  instr=13289158
[wait] 03:36:57 last:   f1400/4332  fps=4.4  eta=669s  audio=1027437  apuWrites=13034  instr=13289158
[wait] 03:37:17 last:   f1400/4332  fps=4.4  eta=669s  audio=1027437  apuWrites=13034  instr=13289158
[wait] 03:37:37 last:   f1400/4332  fps=4.4  eta=669s  audio=1027437  apuWrites=13034  instr=13289158
[wait] 03:37:57 last:   f1400/4332  fps=4.4  eta=669s  audio=1027437  apuWrites=13034  instr=13289158
[wait] 03:38:17 last:   f1400/4332  fps=4.4  eta=669s  audio=1027437  apuWrites=13034  instr=13289158
[wait] 03:38:37 last:   f1400/4332  fps=4.4  eta=669s  audio=1027437  apuWrites=13034  instr=13289158
[wait] 03:38:57 last:   f1400/4332  fps=4.4  eta=669s  audio=1027437  apuWrites=13034  instr=13289158
[wait] 03:39:17 last:   f1400/4332  fps=4.4  eta=669s  audio=1027437  apuWrites=13034  instr=13289158
[wait] 03:39:37 last:   f1400/4332  fps=4.4  eta=669s  audio=1027437  apuWrites=13034  instr=13289158
[wait] 03:39:57 last:   f1400/4332  fps=4.4  eta=669s  audio=1027437  apuWrites=13034  instr=13289158
[wait] 03:40:17 last:   f1400/4332  fps=4.4  eta=669s  audio=1027437  apuWrites=13034  instr=13289158
[wait] 03:40:37 last:   f1400/4332  fps=4.4  eta=669s  audio=1027437  apuWrites=13034  instr=13289158
[wait] 03:40:57 last:   f1400/4332  fps=4.4  eta=669s  audio=1027437  apuWrites=13034  instr=13289158
[wait] 03:41:17 last:   f1400/4332  fps=4.4  eta=669s  audio=1027437  apuWrites=13034  instr=13289158
[wait] 03:41:37 last:   f1400/4332  fps=4.4  eta=669s  audio=1027437  apuWrites=13034  instr=13289158
[wait] 03:41:57 last:   f1400/4332  fps=4.4  eta=669s  audio=1027437  apuWrites=13034  instr=13289158
[wait] 03:42:17 last:   f1400/4332  fps=4.4  eta=669s  audio=1027437  apuWrites=13034  instr=13289158
[wait] 03:42:37 last:   f1400/4332  fps=4.4  eta=669s  audio=1027437  apuWrites=13034  instr=13289158
[wait] 03:42:57 last:   f1400/4332  fps=4.4  eta=669s  audio=1027437  apuWrites=13034  instr=13289158
[wait] 03:43:17 last:   f1400/4332  fps=4.4  eta=669s  audio=1027437  apuWrites=13034  instr=13289158
[wait] 03:43:37 last:   f1400/4332  fps=4.4  eta=669s  audio=1027437  apuWrites=13034  instr=13289158
[wait] 03:43:57 last:   f1400/4332  fps=4.4  eta=669s  audio=1027437  apuWrites=13034  instr=13289158
[wait] 03:44:17 last:   f1400/4332  fps=4.4  eta=669s  audio=1027437  apuWrites=13034  instr=13289158
[wait] 03:44:37 last:   f1400/4332  fps=4.4  eta=669s  audio=1027437  apuWrites=13034  instr=13289158
[wait] 03:44:57 last:   f1400/4332  fps=4.4  eta=669s  audio=1027437  apuWrites=13034  instr=13289158
[wait] 03:45:17 last:   f1400/4332  fps=4.4  eta=669s  audio=1027437  apuWrites=13034  instr=13289158
[wait] 03:45:37 last:   f1400/4332  fps=4.4  eta=669s  audio=1027437  apuWrites=13034  instr=13289158
[wait] 03:45:57 last:   f1400/4332  fps=4.4  eta=669s  audio=1027437  apuWrites=13034  instr=13289158
[wait] 03:46:17 last:   f1400/4332  fps=4.4  eta=669s  audio=1027437  apuWrites=13034  instr=13289158
[wait] 03:46:37 last:   f1400/4332  fps=4.4  eta=669s  audio=1027437  apuWrites=13034  instr=13289158
[wait] 03:46:57 last:   f1400/4332  fps=4.4  eta=669s  audio=1027437  apuWrites=13034  instr=13289158
[wait] 03:47:17 last:   f1400/4332  fps=4.4  eta=669s  audio=1027437  apuWrites=13034  instr=13289158
[wait] 03:47:37 last:   f1400/4332  fps=4.4  eta=669s  audio=1027437  apuWrites=13034  instr=13289158
[wait] 03:47:57 last:   f1400/4332  fps=4.4  eta=669s  audio=1027437  apuWrites=13034  instr=13289158
[wait] 03:48:17 last:   f1400/4332  fps=4.4  eta=669s  audio=1027437  apuWrites=13034  instr=13289158
[wait] 03:48:37 last:   f1400/4332  fps=4.4  eta=669s  audio=1027437  apuWrites=13034  instr=13289158
[wait] 03:48:57 last:   f1400/4332  fps=4.4  eta=669s  audio=1027437  apuWrites=13034  instr=13289158
[wait] 03:49:17 last:   f1400/4332  fps=4.4  eta=669s  audio=1027437  apuWrites=13034  instr=13289158
[wait] 03:49:37 last:   f1400/4332  fps=4.4  eta=669s  audio=1027437  apuWrites=13034  instr=13289158
[wait] 03:49:57 last:   f1400/4332  fps=4.4  eta=669s  audio=1027437  apuWrites=13034  instr=13289158
[wait] 03:50:17 last:   f1400/4332  fps=4.4  eta=669s  audio=1027437  apuWrites=13034  instr=13289158
[wait] 03:50:37 last:   f1400/4332  fps=4.4  eta=669s  audio=1027437  apuWrites=13034  instr=13289158
[wait] 03:50:57 last:   f1400/4332  fps=4.4  eta=669s  audio=1027437  apuWrites=13034  instr=13289158
[wait] 03:51:17 last:   f1400/4332  fps=4.4  eta=669s  audio=1027437  apuWrites=13034  instr=13289158
[wait] 03:51:37 last:   f1400/4332  fps=4.4  eta=669s  audio=1027437  apuWrites=13034  instr=13289158
[wait] 03:51:57 last:   f1400/4332  fps=4.4  eta=669s  audio=1027437  apuWrites=13034  instr=13289158
[wait] 03:52:17 last:   f1400/4332  fps=4.4  eta=669s  audio=1027437  apuWrites=13034  instr=13289158
[wait] 03:52:37 last:   f1400/4332  fps=4.4  eta=669s  audio=1027437  apuWrites=13034  instr=13289158
[wait] 03:52:57 last:   f1400/4332  fps=4.4  eta=669s  audio=1027437  apuWrites=13034  instr=13289158
[wait] 03:53:17 last:   f1400/4332  fps=4.4  eta=669s  audio=1027437  apuWrites=13034  instr=13289158
[wait] 03:53:37 last:   f1400/4332  fps=4.4  eta=669s  audio=1027437  apuWrites=13034  instr=13289158
[wait] 03:53:57 last:   f1400/4332  fps=4.4  eta=669s  audio=1027437  apuWrites=13034  instr=13289158
[wait] 03:54:17 last:   f1400/4332  fps=4.4  eta=669s  audio=1027437  apuWrites=13034  instr=13289158
[wait] 03:54:37 last:   f1400/4332  fps=4.4  eta=669s  audio=1027437  apuWrites=13034  instr=13289158
[wait] 03:54:57 last:   f1400/4332  fps=4.4  eta=669s  audio=1027437  apuWrites=13034  instr=13289158
[wait] 03:55:17 last:   f1400/4332  fps=4.4  eta=669s  audio=1027437  apuWrites=13034  instr=13289158
[wait] 03:55:37 last:   f1400/4332  fps=4.4  eta=669s  audio=1027437  apuWrites=13034  instr=13289158
[wait] 03:55:57 last:   f1400/4332  fps=4.4  eta=669s  audio=1027437  apuWrites=13034  instr=13289158
[wait] 03:56:17 last:   f1400/4332  fps=4.4  eta=669s  audio=1027437  apuWrites=13034  instr=13289158
[wait] 03:56:37 last:   f1400/4332  fps=4.4  eta=669s  audio=1027437  apuWrites=13034  instr=13289158
[wait] 03:56:57 last:   f1400/4332  fps=4.4  eta=669s  audio=1027437  apuWrites=13034  instr=13289158
[wait] 03:57:17 last:   f1400/4332  fps=4.4  eta=669s  audio=1027437  apuWrites=13034  instr=13289158
[wait] 03:57:37 last:   f1400/4332  fps=4.4  eta=669s  audio=1027437  apuWrites=13034  instr=13289158
[wait] 03:57:57 last:   f1400/4332  fps=4.4  eta=669s  audio=1027437  apuWrites=13034  instr=13289158
[wait] 03:58:17 last:   f1400/4332  fps=4.4  eta=669s  audio=1027437  apuWrites=13034  instr=13289158
[wait] 03:58:37 last:   f1400/4332  fps=4.4  eta=669s  audio=1027437  apuWrites=13034  instr=13289158
[wait] 03:58:57 last:   f1400/4332  fps=4.4  eta=669s  audio=1027437  apuWrites=13034  instr=13289158
[wait] 03:59:17 last:   f1400/4332  fps=4.4  eta=669s  audio=1027437  apuWrites=13034  instr=13289158
[wait] 03:59:37 last:   f1400/4332  fps=4.4  eta=669s  audio=1027437  apuWrites=13034  instr=13289158
[wait] 03:59:57 last:   f1400/4332  fps=4.4  eta=669s  audio=1027437  apuWrites=13034  instr=13289158
[wait] 04:00:17 last:   f1400/4332  fps=4.4  eta=669s  audio=1027437  apuWrites=13034  instr=13289158
[wait] 04:00:37 last:   f1400/4332  fps=4.4  eta=669s  audio=1027437  apuWrites=13034  instr=13289158
[wait] full run finished, verifying merge...
[merge] emu-full-all.log NOT found, running manual merge...
[merge] manual merge exit: 1
