f=1 ed=0xFF ec=0xFF 57=0xFF 26=0xFF ptr(4D)=0xFFFF
f=3 ed=0x0 ec=0x0 57=0x0 26=0x0 ptr(4D)=0x0
f=5 ed=0x7 ec=0x0 57=0x0 26=0x0 ptr(4D)=0x0
f=7 ed=0x0 ec=0x13 57=0x0 26=0x0 ptr(4D)=0xA022
f=9 ed=0x0 ec=0x13 57=0x0 26=0x0 ptr(4D)=0xA027
f=26 ed=0x0 ec=0x13 57=0x0 26=0x0 ptr(4D)=0xA028
f=266 ed=0x0 ec=0x13 57=0x0 26=0x0 ptr(4D)=0xA029
f=281 ed=0x0 ec=0x13 57=0x0 26=0x0 ptr(4D)=0xA02C
f=341 ed=0x0 ec=0x13 57=0x0 26=0x0 ptr(4D)=0xA031
f=377 ed=0x0 ec=0x13 57=0x0 26=0x0 ptr(4D)=0xA038
f=378 ed=0xB8 ec=0x2A 57=0x0 26=0x0 ptr(4D)=0xA040
f=383 ed=0xB8 ec=0x2A 57=0x0 26=0x0 ptr(4D)=0xA041
f=388 ed=0xB8 ec=0x2A 57=0x0 26=0x0 ptr(4D)=0xA042
f=393 ed=0xB8 ec=0x2A 57=0x0 26=0x0 ptr(4D)=0xA043
f=398 ed=0xB8 ec=0x2A 57=0x0 26=0x0 ptr(4D)=0xA044
f=403 ed=0xB8 ec=0x2A 57=0x0 26=0x0 ptr(4D)=0xA045
f=463 ed=0xB8 ec=0x2A 57=0x0 26=0x0 ptr(4D)=0xA046
f=468 ed=0xB8 ec=0x2A 57=0x0 26=0x0 ptr(4D)=0xA047
f=473 ed=0xB8 ec=0x2A 57=0x0 26=0x0 ptr(4D)=0xA048
f=478 ed=0xB8 ec=0x2A 57=0x0 26=0x0 ptr(4D)=0xA049
f=483 ed=0xB8 ec=0x2A 57=0x0 26=0x0 ptr(4D)=0xA04A
f=488 ed=0xB8 ec=0x2A 57=0x0 26=0x0 ptr(4D)=0xA04B
f=493 ed=0xB8 ec=0x2A 57=0x0 26=0x0 ptr(4D)=0xA04C
f=498 ed=0xB8 ec=0x2A 57=0x0 26=0x0 ptr(4D)=0xA04D
f=503 ed=0xB8 ec=0x2A 57=0x0 26=0x0 ptr(4D)=0xA04E
f=508 ed=0xB8 ec=0x2A 57=0x0 26=0x0 ptr(4D)=0xA04F
f=513 ed=0xB8 ec=0x2A 57=0x0 26=0x0 ptr(4D)=0xA050
f=518 ed=0xB8 ec=0x2A 57=0x0 26=0x0 ptr(4D)=0xA051
f=523 ed=0xB8 ec=0x2A 57=0x0 26=0x0 ptr(4D)=0xA052
f=527 ed=0xB8 ec=0x2A 57=0x0 26=0x0 ptr(4D)=0xA053
f=532 ed=0xB8 ec=0x2A 57=0x0 26=0x0 ptr(4D)=0xA054
f=537 ed=0xB8 ec=0x2A 57=0x0 26=0x0 ptr(4D)=0xA055
f=542 ed=0xB8 ec=0x2A 57=0x0 26=0x0 ptr(4D)=0xA056
f=547 ed=0xB8 ec=0x2A 57=0x0 26=0x0 ptr(4D)=0xA057
f=552 ed=0xB8 ec=0x2A 57=0x0 26=0x0 ptr(4D)=0xA058
f=557 ed=0xB8 ec=0x2A 57=0x0 26=0x0 ptr(4D)=0xA059
f=562 ed=0xB8 ec=0x2A 57=0x0 26=0x0 ptr(4D)=0xA05A
f=567 ed=0xB8 ec=0x2A 57=0x0 26=0x0 ptr(4D)=0xA05B
f=572 ed=0xB8 ec=0x2A 57=0x0 26=0x0 ptr(4D)=0xA05C
f=577 ed=0xB8 ec=0x2A 57=0x0 26=0x0 ptr(4D)=0xA05D
f=582 ed=0xB8 ec=0x2A 57=0x0 26=0x0 ptr(4D)=0xA05E
f=587 ed=0xB8 ec=0x2A 57=0x0 26=0x0 ptr(4D)=0xA05F
f=592 ed=0xB8 ec=0x2A 57=0x0 26=0x0 ptr(4D)=0xA060
f=597 ed=0xB8 ec=0x2A 57=0x0 26=0x0 ptr(4D)=0xA061
f=601 ed=0xB8 ec=0x2A 57=0x0 26=0x0 ptr(4D)=0xA062
f=606 ed=0xB8 ec=0x2A 57=0x0 26=0x0 ptr(4D)=0xA063
f=611 ed=0xB8 ec=0x2A 57=0x0 26=0x0 ptr(4D)=0xA064
f=616 ed=0xB8 ec=0x2A 57=0x0 26=0x0 ptr(4D)=0xA065
f=621 ed=0xB8 ec=0x2A 57=0x0 26=0x0 ptr(4D)=0xA066
f=626 ed=0xB8 ec=0x2A 57=0x0 26=0x0 ptr(4D)=0xA067
f=631 ed=0xB8 ec=0x2A 57=0x0 26=0x0 ptr(4D)=0xA068
f=636 ed=0xB8 ec=0x2A 57=0x0 26=0x0 ptr(4D)=0xA069
f=641 ed=0xB8 ec=0x2A 57=0x0 26=0x0 ptr(4D)=0xA06A
f=646 ed=0xB8 ec=0x2A 57=0x0 26=0x0 ptr(4D)=0xA06B
f=651 ed=0xB8 ec=0x2A 57=0x0 26=0x0 ptr(4D)=0xA06C
f=656 ed=0xB8 ec=0x2A 57=0x0 26=0x0 ptr(4D)=0xA06D
f=660 ed=0xB8 ec=0x2A 57=0x0 26=0x0 ptr(4D)=0xA06E
f=665 ed=0xB8 ec=0x2A 57=0x0 26=0x0 ptr(4D)=0xA06F
f=670 ed=0xB8 ec=0x2A 57=0x0 26=0x0 ptr(4D)=0xA070
f=675 ed=0xB8 ec=0x2A 57=0x0 26=0x0 ptr(4D)=0xA071
f=680 ed=0xB8 ec=0x2A 57=0x0 26=0x0 ptr(4D)=0xA072
f=685 ed=0xB8 ec=0x2A 57=0x0 26=0x0 ptr(4D)=0xA073
f=690 ed=0xB8 ec=0x2A 57=0x0 26=0x0 ptr(4D)=0xA074
f=695 ed=0xB8 ec=0x2A 57=0x0 26=0x0 ptr(4D)=0xA075
f=700 ed=0xB8 ec=0x2A 57=0x0 26=0x0 ptr(4D)=0xA076
f=705 ed=0xB8 ec=0x2A 57=0x0 26=0x0 ptr(4D)=0xA077
f=710 ed=0xB8 ec=0x2A 57=0x0 26=0x0 ptr(4D)=0xA078
f=715 ed=0xB8 ec=0x2A 57=0x0 26=0x0 ptr(4D)=0xA079
f=720 ed=0xB8 ec=0x2A 57=0x0 26=0x0 ptr(4D)=0xA07A
f=725 ed=0xB8 ec=0x2A 57=0x0 26=0x0 ptr(4D)=0xA07B
f=730 ed=0xB8 ec=0x2A 57=0x0 26=0x0 ptr(4D)=0xA07C
f=735 ed=0xB8 ec=0x2A 57=0x0 26=0x0 ptr(4D)=0xA07D
f=740 ed=0xB8 ec=0x2A 57=0x0 26=0x0 ptr(4D)=0xA07E
f=744 ed=0xB8 ec=0x2A 57=0x0 26=0x0 ptr(4D)=0xA07F
f=804 ed=0xB8 ec=0x2A 57=0x0 26=0x0 ptr(4D)=0xA080
f=819 ed=0xB8 ec=0x2A 57=0x0 26=0x0 ptr(4D)=0xA081
f=823 ed=0xB8 ec=0x2A 57=0x0 26=0x0 ptr(4D)=0xA087
f=828 ed=0xB8 ec=0x2A 57=0x0 26=0x0 ptr(4D)=0xA08E
f=845 ed=0xB8 ec=0x2A 57=0x0 26=0x0 ptr(4D)=0xA092
f=846 ed=0xB8 ec=0x2A 57=0x0 26=0x0 ptr(4D)=0xA093
f=847 ed=0xB8 ec=0x2A 57=0x0 26=0x0 ptr(4D)=0xA094
f=848 ed=0xB8 ec=0x2A 57=0x0 26=0x0 ptr(4D)=0xA095
f=849 ed=0xB8 ec=0x2A 57=0x0 26=0x0 ptr(4D)=0xA096
f=850 ed=0xB8 ec=0x2A 57=0x0 26=0x0 ptr(4D)=0xA097
f=851 ed=0xB8 ec=0x2A 57=0x0 26=0x0 ptr(4D)=0xA098
f=852 ed=0xB8 ec=0x2A 57=0x0 26=0x0 ptr(4D)=0xA099
f=853 ed=0xB8 ec=0x2A 57=0x0 26=0x0 ptr(4D)=0xA09A
f=854 ed=0xB8 ec=0x2A 57=0x0 26=0x0 ptr(4D)=0xA09B
f=855 ed=0xB8 ec=0x2A 57=0x0 26=0x0 ptr(4D)=0xA09C
f=856 ed=0xB8 ec=0x2A 57=0x0 26=0x0 ptr(4D)=0xA09D
f=860 ed=0xB8 ec=0x2A 57=0x0 26=0x0 ptr(4D)=0xA09E
f=861 ed=0xB8 ec=0x2A 57=0x0 26=0x0 ptr(4D)=0xA09F
f=862 ed=0xB8 ec=0x2A 57=0x0 26=0x0 ptr(4D)=0xA0A0
f=863 ed=0xB8 ec=0x2A 57=0x0 26=0x0 ptr(4D)=0xA0A1
f=864 ed=0xB8 ec=0x2A 57=0x0 26=0x0 ptr(4D)=0xA0A2
f=865 ed=0xB8 ec=0x2A 57=0x0 26=0x0 ptr(4D)=0xA0A3
f=866 ed=0xB8 ec=0x2A 57=0x0 26=0x0 ptr(4D)=0xA0A4
f=867 ed=0xB8 ec=0x2A 57=0x0 26=0x0 ptr(4D)=0xA0A5
f=868 ed=0xB8 ec=0x2A 57=0x0 26=0x0 ptr(4D)=0xA0A6
f=869 ed=0xB8 ec=0x2A 57=0x0 26=0x0 ptr(4D)=0xA0A7
f=873 ed=0xB8 ec=0x2A 57=0x0 26=0x0 ptr(4D)=0xA0A8
f=874 ed=0xB8 ec=0x2A 57=0x0 26=0x0 ptr(4D)=0xA0A9
f=875 ed=0xB8 ec=0x2A 57=0x0 26=0x0 ptr(4D)=0xA0AA
f=876 ed=0xB8 ec=0x2A 57=0x0 26=0x0 ptr(4D)=0xA0AB
f=877 ed=0xB8 ec=0x2A 57=0x0 26=0x0 ptr(4D)=0xA0AC
f=878 ed=0xB8 ec=0x2A 57=0x0 26=0x0 ptr(4D)=0xA0AD
f=879 ed=0xB8 ec=0x2A 57=0x0 26=0x0 ptr(4D)=0xA0AE
f=880 ed=0xB8 ec=0x2A 57=0x0 26=0x0 ptr(4D)=0xA0AF
f=881 ed=0xB8 ec=0x2A 57=0x0 26=0x0 ptr(4D)=0xA0B0
f=882 ed=0xB8 ec=0x2A 57=0x0 26=0x0 ptr(4D)=0xA0B1
f=883 ed=0xB8 ec=0x2A 57=0x0 26=0x0 ptr(4D)=0xA0B2
f=884 ed=0xB8 ec=0x2A 57=0x0 26=0x0 ptr(4D)=0xA0B3
f=885 ed=0xB8 ec=0x2A 57=0x0 26=0x0 ptr(4D)=0xA0B4
f=889 ed=0xB8 ec=0x2A 57=0x0 26=0x0 ptr(4D)=0xA0B5
f=905 ed=0xB8 ec=0x2A 57=0x0 26=0x0 ptr(4D)=0xA0B7
f=1025 ed=0xB8 ec=0x2A 57=0x0 26=0x0 ptr(4D)=0xA0B8
f=1040 ed=0xB8 ec=0x2A 57=0x0 26=0x0 ptr(4D)=0xA0B9
f=1044 ed=0xB8 ec=0x2A 57=0x0 26=0x0 ptr(4D)=0xA0BA
f=1062 ed=0xB8 ec=0x2A 57=0x0 26=0x0 ptr(4D)=0xA0C0
f=1063 ed=0xBA ec=0x96 57=0x0 26=0x0 ptr(4D)=0xA0C6
f=1083 ed=0xBA ec=0x96 57=0x0 26=0x0 ptr(4D)=0xA0C9
f=1103 ed=0xBA ec=0x96 57=0x0 26=0x0 ptr(4D)=0xA0CC
f=1123 ed=0xBA ec=0x96 57=0x0 26=0x0 ptr(4D)=0xA0CF
f=1134 ed=0xBA ec=0x96 57=0x0 26=0x0 ptr(4D)=0xA0D5
f=1139 ed=0xBA ec=0x96 57=0x0 26=0x0 ptr(4D)=0xA0D6
f=1144 ed=0xBA ec=0x96 57=0x0 26=0x0 ptr(4D)=0xA0D7
f=1149 ed=0xBA ec=0x96 57=0x0 26=0x0 ptr(4D)=0xA0D8
f=1154 ed=0xBA ec=0x96 57=0x0 26=0x0 ptr(4D)=0xA0D9
f=1159 ed=0xBA ec=0x96 57=0x0 26=0x0 ptr(4D)=0xA0DC
f=1164 ed=0xBA ec=0x96 57=0x0 26=0x0 ptr(4D)=0xA0DD
f=1168 ed=0xBA ec=0x96 57=0x0 26=0x0 ptr(4D)=0xA0DE
f=1173 ed=0xBA ec=0x96 57=0x0 26=0x0 ptr(4D)=0xA0DF
f=1178 ed=0xBA ec=0x96 57=0x0 26=0x0 ptr(4D)=0xA0E0
f=1183 ed=0xBA ec=0x96 57=0x0 26=0x0 ptr(4D)=0xA0E1
f=1188 ed=0xBA ec=0x96 57=0x0 26=0x0 ptr(4D)=0xA0E2
f=1193 ed=0xBA ec=0x96 57=0x0 26=0x0 ptr(4D)=0xA0E3
f=1198 ed=0xBA ec=0x96 57=0x0 26=0x0 ptr(4D)=0xA0E4
f=1203 ed=0xBA ec=0x96 57=0x0 26=0x0 ptr(4D)=0xA0E5
f=1208 ed=0xBA ec=0x96 57=0x0 26=0x0 ptr(4D)=0xA0E6
f=1213 ed=0xBA ec=0x96 57=0x0 26=0x0 ptr(4D)=0xA0E7
f=1218 ed=0xBA ec=0x96 57=0x0 26=0x0 ptr(4D)=0xA0E8
f=1223 ed=0xBA ec=0x96 57=0x0 26=0x0 ptr(4D)=0xA0E9
f=1228 ed=0xBA ec=0x96 57=0x0 26=0x0 ptr(4D)=0xA0EA
f=1233 ed=0xBA ec=0x96 57=0x0 26=0x0 ptr(4D)=0xA0EB
f=1238 ed=0xBA ec=0x96 57=0x0 26=0x0 ptr(4D)=0xA0EC
f=1242 ed=0xBA ec=0x96 57=0x0 26=0x0 ptr(4D)=0xA0ED
f=1282 ed=0xBA ec=0x96 57=0x0 26=0x0 ptr(4D)=0xA0EE
f=1287 ed=0xBA ec=0x96 57=0x0 26=0x0 ptr(4D)=0xA0EF
f=1292 ed=0xBA ec=0x96 57=0x0 26=0x0 ptr(4D)=0xA0F0
f=1297 ed=0xBA ec=0x96 57=0x0 26=0x0 ptr(4D)=0xA0F1
f=1302 ed=0xBA ec=0x96 57=0x0 26=0x0 ptr(4D)=0xA0F2
f=1307 ed=0xBA ec=0x96 57=0x0 26=0x0 ptr(4D)=0xA0F3
f=1312 ed=0xBA ec=0x96 57=0x0 26=0x0 ptr(4D)=0xA0F4
f=1317 ed=0xBA ec=0x96 57=0x0 26=0x0 ptr(4D)=0xA0F5
f=1322 ed=0xBA ec=0x96 57=0x0 26=0x0 ptr(4D)=0xA0F6
f=1327 ed=0xBA ec=0x96 57=0x0 26=0x0 ptr(4D)=0xA0F7
f=1332 ed=0xBA ec=0x96 57=0x0 26=0x0 ptr(4D)=0xA0F8
f=1337 ed=0xBA ec=0x96 57=0x0 26=0x0 ptr(4D)=0xA0F9
f=1342 ed=0xBA ec=0x96 57=0x0 26=0x0 ptr(4D)=0xA0FA
f=1347 ed=0xBA ec=0x96 57=0x0 26=0x0 ptr(4D)=0xA0FB
f=1352 ed=0xBA ec=0x96 57=0x0 26=0x0 ptr(4D)=0xA0FC
f=1356 ed=0xBA ec=0x96 57=0x0 26=0x0 ptr(4D)=0xA0FD
f=1361 ed=0xBA ec=0x96 57=0x0 26=0x0 ptr(4D)=0xA0FE
f=1366 ed=0xBA ec=0x96 57=0x0 26=0x0 ptr(4D)=0xA0FF
f=1371 ed=0xBA ec=0x96 57=0x0 26=0x0 ptr(4D)=0xA100
f=1376 ed=0xBA ec=0x96 57=0x0 26=0x0 ptr(4D)=0xA101
f=1381 ed=0xBA ec=0x96 57=0x0 26=0x0 ptr(4D)=0xA102
f=1386 ed=0xBA ec=0x96 57=0x0 26=0x0 ptr(4D)=0xA103
f=1391 ed=0xBA ec=0x96 57=0x0 26=0x0 ptr(4D)=0xA104
f=1396 ed=0xBA ec=0x96 57=0x0 26=0x0 ptr(4D)=0xA105
f=1401 ed=0xBA ec=0x96 57=0x0 26=0x0 ptr(4D)=0xA106
f=1406 ed=0xBA ec=0x96 57=0x0 26=0x0 ptr(4D)=0xA107
f=1411 ed=0xBA ec=0x96 57=0x0 26=0x0 ptr(4D)=0xA108
f=1415 ed=0xBA ec=0x96 57=0x0 26=0x0 ptr(4D)=0xA109
f=1475 ed=0xBA ec=0x96 57=0x0 26=0x0 ptr(4D)=0xA10C
f=1490 ed=0xBA ec=0x96 57=0x0 26=0x0 ptr(4D)=0xA10D
f=1494 ed=0xBA ec=0x96 57=0x0 26=0x0 ptr(4D)=0xA111
f=1499 ed=0xBA ec=0x96 57=0x0 26=0x0 ptr(4D)=0xA118
f=1516 ed=0xBA ec=0x96 57=0x0 26=0x0 ptr(4D)=0xA11C
f=1518 ed=0xBA ec=0x96 57=0x0 26=0x0 ptr(4D)=0xA11D
f=1520 ed=0xBA ec=0x96 57=0x0 26=0x0 ptr(4D)=0xA11E
f=1522 ed=0xBA ec=0x96 57=0x0 26=0x0 ptr(4D)=0xA11F
f=1524 ed=0xBA ec=0x96 57=0x0 26=0x0 ptr(4D)=0xA120
f=1526 ed=0xBA ec=0x96 57=0x0 26=0x0 ptr(4D)=0xA121
f=1528 ed=0xBA ec=0x96 57=0x0 26=0x0 ptr(4D)=0xA122
f=1530 ed=0xBA ec=0x96 57=0x0 26=0x0 ptr(4D)=0xA123
f=1532 ed=0xBA ec=0x96 57=0x0 26=0x0 ptr(4D)=0xA124
f=1534 ed=0xBA ec=0x96 57=0x0 26=0x0 ptr(4D)=0xA125
f=1536 ed=0xBA ec=0x96 57=0x0 26=0x0 ptr(4D)=0xA126
f=1538 ed=0xBA ec=0x96 57=0x0 26=0x0 ptr(4D)=0xA127
f=1542 ed=0xBA ec=0x96 57=0x0 26=0x0 ptr(4D)=0xA128
f=1544 ed=0xBA ec=0x96 57=0x0 26=0x0 ptr(4D)=0xA129
f=1546 ed=0xBA ec=0x96 57=0x0 26=0x0 ptr(4D)=0xA12A
f=1548 ed=0xBA ec=0x96 57=0x0 26=0x0 ptr(4D)=0xA12B
f=1550 ed=0xBA ec=0x96 57=0x0 26=0x0 ptr(4D)=0xA12C
f=1552 ed=0xBA ec=0x96 57=0x0 26=0x0 ptr(4D)=0xA12D
f=1554 ed=0xBA ec=0x96 57=0x0 26=0x0 ptr(4D)=0xA12E
f=1556 ed=0xBA ec=0x96 57=0x0 26=0x0 ptr(4D)=0xA12F
f=1558 ed=0xBA ec=0x96 57=0x0 26=0x0 ptr(4D)=0xA130
f=1560 ed=0xBA ec=0x96 57=0x0 26=0x0 ptr(4D)=0xA131
f=1562 ed=0xBA ec=0x96 57=0x0 26=0x0 ptr(4D)=0xA132
f=1564 ed=0xBA ec=0x96 57=0x0 26=0x0 ptr(4D)=0xA133
f=1566 ed=0xBA ec=0x96 57=0x0 26=0x0 ptr(4D)=0xA134
f=1570 ed=0xBA ec=0x96 57=0x0 26=0x0 ptr(4D)=0xA135
f=1586 ed=0xBA ec=0x96 57=0x0 26=0x0 ptr(4D)=0xA137
f=1706 ed=0xBA ec=0x96 57=0x0 26=0x0 ptr(4D)=0xA138
f=1721 ed=0xBA ec=0x96 57=0x0 26=0x0 ptr(4D)=0xA139
f=1725 ed=0xBA ec=0x96 57=0x0 26=0x0 ptr(4D)=0xA13E
f=1743 ed=0xBA ec=0x96 57=0x0 26=0x0 ptr(4D)=0xA143
f=1744 ed=0xB8 ec=0x38 57=0x0 26=0x0 ptr(4D)=0xA14B
f=1749 ed=0xB8 ec=0x38 57=0x0 26=0x0 ptr(4D)=0xA14C
f=1754 ed=0xB8 ec=0x38 57=0x0 26=0x0 ptr(4D)=0xA14D
f=1759 ed=0xB8 ec=0x38 57=0x0 26=0x0 ptr(4D)=0xA14E
f=1799 ed=0xB8 ec=0x38 57=0x0 26=0x0 ptr(4D)=0xA151
f=1804 ed=0xB8 ec=0x38 57=0x0 26=0x0 ptr(4D)=0xA152
f=1809 ed=0xB8 ec=0x38 57=0x0 26=0x0 ptr(4D)=0xA153
f=1814 ed=0xB8 ec=0x38 57=0x0 26=0x0 ptr(4D)=0xA154
f=1819 ed=0xB8 ec=0x38 57=0x0 26=0x0 ptr(4D)=0xA155
f=1824 ed=0xB8 ec=0x38 57=0x0 26=0x0 ptr(4D)=0xA156
f=1829 ed=0xB8 ec=0x38 57=0x0 26=0x0 ptr(4D)=0xA157
f=1834 ed=0xB8 ec=0x38 57=0x0 26=0x0 ptr(4D)=0xA158
f=1839 ed=0xB8 ec=0x38 57=0x0 26=0x0 ptr(4D)=0xA159
f=1844 ed=0xB8 ec=0x38 57=0x0 26=0x0 ptr(4D)=0xA15A
f=1848 ed=0xB8 ec=0x38 57=0x0 26=0x0 ptr(4D)=0xA15B
f=1853 ed=0xB8 ec=0x38 57=0x0 26=0x0 ptr(4D)=0xA15C
f=1858 ed=0xB8 ec=0x38 57=0x0 26=0x0 ptr(4D)=0xA15D
f=1863 ed=0xB8 ec=0x38 57=0x0 26=0x0 ptr(4D)=0xA15E
f=1868 ed=0xB8 ec=0x38 57=0x0 26=0x0 ptr(4D)=0xA15F
f=1873 ed=0xB8 ec=0x38 57=0x0 26=0x0 ptr(4D)=0xA160
f=1878 ed=0xB8 ec=0x38 57=0x0 26=0x0 ptr(4D)=0xA161
f=1883 ed=0xB8 ec=0x38 57=0x0 26=0x0 ptr(4D)=0xA162
f=1888 ed=0xB8 ec=0x38 57=0x0 26=0x0 ptr(4D)=0xA163
f=1893 ed=0xB8 ec=0x38 57=0x0 26=0x0 ptr(4D)=0xA166
f=1898 ed=0xB8 ec=0x38 57=0x0 26=0x0 ptr(4D)=0xA167
f=1903 ed=0xB8 ec=0x38 57=0x0 26=0x0 ptr(4D)=0xA168
f=1908 ed=0xB8 ec=0x38 57=0x0 26=0x0 ptr(4D)=0xA169
f=1913 ed=0xB8 ec=0x38 57=0x0 26=0x0 ptr(4D)=0xA16A
f=1918 ed=0xB8 ec=0x38 57=0x0 26=0x0 ptr(4D)=0xA16B
f=1922 ed=0xB8 ec=0x38 57=0x0 26=0x0 ptr(4D)=0xA16C
f=1962 ed=0xB8 ec=0x38 57=0x0 26=0x0 ptr(4D)=0xA16D
f=1967 ed=0xB8 ec=0x38 57=0x0 26=0x0 ptr(4D)=0xA16E
f=1972 ed=0xB8 ec=0x38 57=0x0 26=0x0 ptr(4D)=0xA16F
f=1977 ed=0xB8 ec=0x38 57=0x0 26=0x0 ptr(4D)=0xA170
f=1982 ed=0xB8 ec=0x38 57=0x0 26=0x0 ptr(4D)=0xA171
f=1987 ed=0xB8 ec=0x38 57=0x0 26=0x0 ptr(4D)=0xA172
f=1992 ed=0xB8 ec=0x38 57=0x0 26=0x0 ptr(4D)=0xA173
f=1997 ed=0xB8 ec=0x38 57=0x0 26=0x0 ptr(4D)=0xA174
f=2002 ed=0xB8 ec=0x38 57=0x0 26=0x0 ptr(4D)=0xA175
f=2007 ed=0xB8 ec=0x38 57=0x0 26=0x0 ptr(4D)=0xA176
f=2012 ed=0xB8 ec=0x38 57=0x0 26=0x0 ptr(4D)=0xA177
f=2017 ed=0xB8 ec=0x38 57=0x0 26=0x0 ptr(4D)=0xA178
f=2022 ed=0xB8 ec=0x38 57=0x0 26=0x0 ptr(4D)=0xA179
f=2027 ed=0xB8 ec=0x38 57=0x0 26=0x0 ptr(4D)=0xA17A
f=2032 ed=0xB8 ec=0x38 57=0x0 26=0x0 ptr(4D)=0xA17B
f=2036 ed=0xB8 ec=0x38 57=0x0 26=0x0 ptr(4D)=0xA17C
f=2041 ed=0xB8 ec=0x38 57=0x0 26=0x0 ptr(4D)=0xA17D
f=2046 ed=0xB8 ec=0x38 57=0x0 26=0x0 ptr(4D)=0xA17E
f=2051 ed=0xB8 ec=0x38 57=0x0 26=0x0 ptr(4D)=0xA17F
f=2056 ed=0xB8 ec=0x38 57=0x0 26=0x0 ptr(4D)=0xA180
f=2060 ed=0xB8 ec=0x38 57=0x0 26=0x0 ptr(4D)=0xA181
f=2120 ed=0xB8 ec=0x38 57=0x0 26=0x0 ptr(4D)=0xA182
f=2135 ed=0xB8 ec=0x38 57=0x0 26=0x0 ptr(4D)=0xA183
f=2139 ed=0xB8 ec=0x38 57=0x0 26=0x0 ptr(4D)=0xA187
f=2144 ed=0xB8 ec=0x38 57=0x0 26=0x0 ptr(4D)=0xA18E
f=2161 ed=0xB8 ec=0x38 57=0x0 26=0x0 ptr(4D)=0xA192
f=2163 ed=0xB8 ec=0x38 57=0x0 26=0x0 ptr(4D)=0xA193
f=2165 ed=0xB8 ec=0x38 57=0x0 26=0x0 ptr(4D)=0xA194
f=2167 ed=0xB8 ec=0x38 57=0x0 26=0x0 ptr(4D)=0xA195
f=2169 ed=0xB8 ec=0x38 57=0x0 26=0x0 ptr(4D)=0xA196
f=2171 ed=0xB8 ec=0x38 57=0x0 26=0x0 ptr(4D)=0xA197
f=2173 ed=0xB8 ec=0x38 57=0x0 26=0x0 ptr(4D)=0xA198
f=2175 ed=0xB8 ec=0x38 57=0x0 26=0x0 ptr(4D)=0xA199
f=2177 ed=0xB8 ec=0x38 57=0x0 26=0x0 ptr(4D)=0xA19A
f=2179 ed=0xB8 ec=0x38 57=0x0 26=0x0 ptr(4D)=0xA19B
f=2181 ed=0xB8 ec=0x38 57=0x0 26=0x0 ptr(4D)=0xA19C
f=2185 ed=0xB8 ec=0x38 57=0x0 26=0x0 ptr(4D)=0xA19D
f=2187 ed=0xB8 ec=0x38 57=0x0 26=0x0 ptr(4D)=0xA19E
f=2189 ed=0xB8 ec=0x38 57=0x0 26=0x0 ptr(4D)=0xA19F
f=2191 ed=0xB8 ec=0x38 57=0x0 26=0x0 ptr(4D)=0xA1A0
f=2193 ed=0xB8 ec=0x38 57=0x0 26=0x0 ptr(4D)=0xA1A1
f=2195 ed=0xB8 ec=0x38 57=0x0 26=0x0 ptr(4D)=0xA1A2
f=2197 ed=0xB8 ec=0x38 57=0x0 26=0x0 ptr(4D)=0xA1A3
f=2199 ed=0xB8 ec=0x38 57=0x0 26=0x0 ptr(4D)=0xA1A4
f=2201 ed=0xB8 ec=0x38 57=0x0 26=0x0 ptr(4D)=0xA1A5
f=2203 ed=0xB8 ec=0x38 57=0x0 26=0x0 ptr(4D)=0xA1A6
f=2205 ed=0xB8 ec=0x38 57=0x0 26=0x0 ptr(4D)=0xA1A7
f=2207 ed=0xB8 ec=0x38 57=0x0 26=0x0 ptr(4D)=0xA1A8
f=2209 ed=0xB8 ec=0x38 57=0x0 26=0x0 ptr(4D)=0xA1A9
f=2213 ed=0xB8 ec=0x38 57=0x0 26=0x0 ptr(4D)=0xA1AA
f=2229 ed=0xB8 ec=0x38 57=0x0 26=0x0 ptr(4D)=0xA1AC
f=2349 ed=0xB8 ec=0x38 57=0x0 26=0x0 ptr(4D)=0xA1AD
f=2364 ed=0xB8 ec=0x38 57=0x0 26=0x0 ptr(4D)=0xA1AE
f=2368 ed=0xB8 ec=0x38 57=0x0 26=0x0 ptr(4D)=0xA1B3
f=2395 ed=0xB8 ec=0x38 57=0x0 26=0x0 ptr(4D)=0xA1BA
f=2396 ed=0xB8 ec=0x38 57=0x0 26=0x0 ptr(4D)=0xA1C0
f=2401 ed=0xB8 ec=0x38 57=0x0 26=0x0 ptr(4D)=0xA1C1
f=2406 ed=0xB8 ec=0x38 57=0x0 26=0x0 ptr(4D)=0xA1C2
f=2411 ed=0xB8 ec=0x38 57=0x0 26=0x0 ptr(4D)=0xA1C3
f=2416 ed=0xB8 ec=0x38 57=0x0 26=0x0 ptr(4D)=0xA1C4
f=2421 ed=0xB8 ec=0x38 57=0x0 26=0x0 ptr(4D)=0xA1C5
f=2426 ed=0xB8 ec=0x38 57=0x0 26=0x0 ptr(4D)=0xA1C6
f=2431 ed=0xB8 ec=0x38 57=0x0 26=0x0 ptr(4D)=0xA1C7
f=2436 ed=0xB8 ec=0x38 57=0x0 26=0x0 ptr(4D)=0xA1C8
f=2441 ed=0xB8 ec=0x38 57=0x0 26=0x0 ptr(4D)=0xA1C9
f=2446 ed=0xB8 ec=0x38 57=0x0 26=0x0 ptr(4D)=0xA1CC
f=2451 ed=0xB8 ec=0x38 57=0x0 26=0x0 ptr(4D)=0xA1CD
f=2456 ed=0xB8 ec=0x38 57=0x0 26=0x0 ptr(4D)=0xA1CE
f=2461 ed=0xB8 ec=0x38 57=0x0 26=0x0 ptr(4D)=0xA1CF
f=2466 ed=0xB8 ec=0x38 57=0x0 26=0x0 ptr(4D)=0xA1D0
f=2471 ed=0xB8 ec=0x38 57=0x0 26=0x0 ptr(4D)=0xA1D1
f=2476 ed=0xB8 ec=0x38 57=0x0 26=0x0 ptr(4D)=0xA1D2
f=2481 ed=0xB8 ec=0x38 57=0x0 26=0x0 ptr(4D)=0xA1D3
f=2486 ed=0xB8 ec=0x38 57=0x0 26=0x0 ptr(4D)=0xA1D4
f=2490 ed=0xB8 ec=0x38 57=0x0 26=0x0 ptr(4D)=0xA1D5
f=2530 ed=0xB8 ec=0x38 57=0x0 26=0x0 ptr(4D)=0xA1D6
f=2535 ed=0xB8 ec=0x38 57=0x0 26=0x0 ptr(4D)=0xA1D7
f=2540 ed=0xB8 ec=0x38 57=0x0 26=0x0 ptr(4D)=0xA1D8
f=2545 ed=0xB8 ec=0x38 57=0x0 26=0x0 ptr(4D)=0xA1D9
f=2550 ed=0xB8 ec=0x38 57=0x0 26=0x0 ptr(4D)=0xA1DA
f=2555 ed=0xB8 ec=0x38 57=0x0 26=0x0 ptr(4D)=0xA1DB
f=2560 ed=0xB8 ec=0x38 57=0x0 26=0x0 ptr(4D)=0xA1DC
f=2565 ed=0xB8 ec=0x38 57=0x0 26=0x0 ptr(4D)=0xA1DD
f=2570 ed=0xB8 ec=0x38 57=0x0 26=0x0 ptr(4D)=0xA1DE
f=2575 ed=0xB8 ec=0x38 57=0x0 26=0x0 ptr(4D)=0xA1DF
f=2580 ed=0xB8 ec=0x38 57=0x0 26=0x0 ptr(4D)=0xA1E0
f=2585 ed=0xB8 ec=0x38 57=0x0 26=0x0 ptr(4D)=0xA1E1
f=2590 ed=0xB8 ec=0x38 57=0x0 26=0x0 ptr(4D)=0xA1E2
f=2595 ed=0xB8 ec=0x38 57=0x0 26=0x0 ptr(4D)=0xA1E3
f=2600 ed=0xB8 ec=0x38 57=0x0 26=0x0 ptr(4D)=0xA1E4
f=2604 ed=0xB8 ec=0x38 57=0x0 26=0x0 ptr(4D)=0xA1E5
f=2609 ed=0xB8 ec=0x38 57=0x0 26=0x0 ptr(4D)=0xA1E6
f=2614 ed=0xB8 ec=0x38 57=0x0 26=0x0 ptr(4D)=0xA1E7
f=2619 ed=0xB8 ec=0x38 57=0x0 26=0x0 ptr(4D)=0xA1E8
f=2624 ed=0xB8 ec=0x38 57=0x0 26=0x0 ptr(4D)=0xA1E9
f=2629 ed=0xB8 ec=0x38 57=0x0 26=0x0 ptr(4D)=0xA1EA
f=2634 ed=0xB8 ec=0x38 57=0x0 26=0x0 ptr(4D)=0xA1EB
f=2639 ed=0xB8 ec=0x38 57=0x0 26=0x0 ptr(4D)=0xA1EC
f=2644 ed=0xB8 ec=0x38 57=0x0 26=0x0 ptr(4D)=0xA1ED
f=2649 ed=0xB8 ec=0x38 57=0x0 26=0x0 ptr(4D)=0xA1EE
f=2654 ed=0xB8 ec=0x38 57=0x0 26=0x0 ptr(4D)=0xA1EF
f=2659 ed=0xB8 ec=0x38 57=0x0 26=0x0 ptr(4D)=0xA1F0
f=2664 ed=0xB8 ec=0x38 57=0x0 26=0x0 ptr(4D)=0xA1F1
f=2669 ed=0xB8 ec=0x38 57=0x0 26=0x0 ptr(4D)=0xA1F2
f=2674 ed=0xB8 ec=0x38 57=0x0 26=0x0 ptr(4D)=0xA1F3
f=2679 ed=0xB8 ec=0x38 57=0x0 26=0x0 ptr(4D)=0xA1F4
f=2683 ed=0xB8 ec=0x38 57=0x0 26=0x0 ptr(4D)=0xA1F5
f=2688 ed=0xB8 ec=0x38 57=0x0 26=0x0 ptr(4D)=0xA1F6
f=2693 ed=0xB8 ec=0x38 57=0x0 26=0x0 ptr(4D)=0xA1F7
f=2698 ed=0xB8 ec=0x38 57=0x0 26=0x0 ptr(4D)=0xA1F8
f=2703 ed=0xB8 ec=0x38 57=0x0 26=0x0 ptr(4D)=0xA1F9
f=2708 ed=0xB8 ec=0x38 57=0x0 26=0x0 ptr(4D)=0xA1FA
f=2713 ed=0xB8 ec=0x38 57=0x0 26=0x0 ptr(4D)=0xA1FB
f=2718 ed=0xB8 ec=0x38 57=0x0 26=0x0 ptr(4D)=0xA1FC
f=2723 ed=0xB8 ec=0x38 57=0x0 26=0x0 ptr(4D)=0xA1FD
f=2728 ed=0xB8 ec=0x38 57=0x0 26=0x0 ptr(4D)=0xA1FE
f=2733 ed=0xB8 ec=0x38 57=0x0 26=0x0 ptr(4D)=0xA1FF
f=2738 ed=0xB8 ec=0x38 57=0x0 26=0x0 ptr(4D)=0xA200
f=2742 ed=0xB8 ec=0x38 57=0x0 26=0x0 ptr(4D)=0xA201
f=2802 ed=0xB8 ec=0x38 57=0x0 26=0x0 ptr(4D)=0xA202
f=2817 ed=0xB8 ec=0x38 57=0x0 26=0x0 ptr(4D)=0xA203
f=2821 ed=0xB8 ec=0x38 57=0x0 26=0x0 ptr(4D)=0xA207
f=2826 ed=0xB8 ec=0x38 57=0x0 26=0x0 ptr(4D)=0xA20E
f=2843 ed=0xB8 ec=0x38 57=0x0 26=0x0 ptr(4D)=0xA212
f=2844 ed=0xB8 ec=0x38 57=0x0 26=0x0 ptr(4D)=0xA213
f=2845 ed=0xB8 ec=0x38 57=0x0 26=0x0 ptr(4D)=0xA214
f=2846 ed=0xB8 ec=0x38 57=0x0 26=0x0 ptr(4D)=0xA215
f=2847 ed=0xB8 ec=0x38 57=0x0 26=0x0 ptr(4D)=0xA216
f=2848 ed=0xB8 ec=0x38 57=0x0 26=0x0 ptr(4D)=0xA217
f=2849 ed=0xB8 ec=0x38 57=0x0 26=0x0 ptr(4D)=0xA218
f=2850 ed=0xB8 ec=0x38 57=0x0 26=0x0 ptr(4D)=0xA219
f=2851 ed=0xB8 ec=0x38 57=0x0 26=0x0 ptr(4D)=0xA21A
f=2852 ed=0xB8 ec=0x38 57=0x0 26=0x0 ptr(4D)=0xA21B
f=2853 ed=0xB8 ec=0x38 57=0x0 26=0x0 ptr(4D)=0xA21C
f=2854 ed=0xB8 ec=0x38 57=0x0 26=0x0 ptr(4D)=0xA21D
f=2855 ed=0xB8 ec=0x38 57=0x0 26=0x0 ptr(4D)=0xA21E
f=2859 ed=0xB8 ec=0x38 57=0x0 26=0x0 ptr(4D)=0xA21F
f=2860 ed=0xB8 ec=0x38 57=0x0 26=0x0 ptr(4D)=0xA220
f=2861 ed=0xB8 ec=0x38 57=0x0 26=0x0 ptr(4D)=0xA221
f=2862 ed=0xB8 ec=0x38 57=0x0 26=0x0 ptr(4D)=0xA222
f=2863 ed=0xB8 ec=0x38 57=0x0 26=0x0 ptr(4D)=0xA223
f=2864 ed=0xB8 ec=0x38 57=0x0 26=0x0 ptr(4D)=0xA224
f=2865 ed=0xB8 ec=0x38 57=0x0 26=0x0 ptr(4D)=0xA225
f=2866 ed=0xB8 ec=0x38 57=0x0 26=0x0 ptr(4D)=0xA226
f=2867 ed=0xB8 ec=0x38 57=0x0 26=0x0 ptr(4D)=0xA227
f=2868 ed=0xB8 ec=0x38 57=0x0 26=0x0 ptr(4D)=0xA228
f=2869 ed=0xB8 ec=0x38 57=0x0 26=0x0 ptr(4D)=0xA229
f=2873 ed=0xB8 ec=0x38 57=0x0 26=0x0 ptr(4D)=0xA22A
f=2874 ed=0xB8 ec=0x38 57=0x0 26=0x0 ptr(4D)=0xA22B
f=2875 ed=0xB8 ec=0x38 57=0x0 26=0x0 ptr(4D)=0xA22C
f=2876 ed=0xB8 ec=0x38 57=0x0 26=0x0 ptr(4D)=0xA22D
f=2877 ed=0xB8 ec=0x38 57=0x0 26=0x0 ptr(4D)=0xA22E
f=2878 ed=0xB8 ec=0x38 57=0x0 26=0x0 ptr(4D)=0xA22F
f=2879 ed=0xB8 ec=0x38 57=0x0 26=0x0 ptr(4D)=0xA230
f=2880 ed=0xB8 ec=0x38 57=0x0 26=0x0 ptr(4D)=0xA231
f=2881 ed=0xB8 ec=0x38 57=0x0 26=0x0 ptr(4D)=0xA232
f=2882 ed=0xB8 ec=0x38 57=0x0 26=0x0 ptr(4D)=0xA233
f=2883 ed=0xB8 ec=0x38 57=0x0 26=0x0 ptr(4D)=0xA234
f=2884 ed=0xB8 ec=0x38 57=0x0 26=0x0 ptr(4D)=0xA235
f=2885 ed=0xB8 ec=0x38 57=0x0 26=0x0 ptr(4D)=0xA236
f=2886 ed=0xB8 ec=0x38 57=0x0 26=0x0 ptr(4D)=0xA237
f=2890 ed=0xB8 ec=0x38 57=0x0 26=0x0 ptr(4D)=0xA238
f=2906 ed=0xB8 ec=0x38 57=0x0 26=0x0 ptr(4D)=0xA23A
f=3026 ed=0xB8 ec=0x38 57=0x0 26=0x0 ptr(4D)=0xA23B
f=3041 ed=0xB8 ec=0x38 57=0x0 26=0x0 ptr(4D)=0xA23C
f=3045 ed=0xB8 ec=0x38 57=0x0 26=0x0 ptr(4D)=0xA252
f=3046 ed=0xB8 ec=0x38 57=0x0 26=0x0 ptr(4D)=0xA25A
f=3050 ed=0xB8 ec=0x38 57=0x0 26=0x0 ptr(4D)=0xA268
f=3051 ed=0xB8 ec=0x38 57=0x0 26=0x0 ptr(4D)=0xA26E
f=3055 ed=0xB8 ec=0x38 57=0x0 26=0x0 ptr(4D)=0xA27B
f=3056 ed=0xB8 ec=0x38 57=0x0 26=0x0 ptr(4D)=0xA27D
f=3060 ed=0xB8 ec=0x38 57=0x0 26=0x0 ptr(4D)=0xA28B
f=3061 ed=0xB8 ec=0x38 57=0x0 26=0x0 ptr(4D)=0xA293
f=3065 ed=0xB8 ec=0x38 57=0x0 26=0x0 ptr(4D)=0xA294
f=3082 ed=0xB8 ec=0x38 57=0x0 26=0x0 ptr(4D)=0xA295
f=3102 ed=0xB8 ec=0x38 57=0x0 26=0x0 ptr(4D)=0xA296
f=3342 ed=0xB8 ec=0x38 57=0x0 26=0x0 ptr(4D)=0xA297
f=3582 ed=0xB8 ec=0x38 57=0x0 26=0x0 ptr(4D)=0xA298
f=3598 ed=0xB8 ec=0x38 57=0x0 26=0x0 ptr(4D)=0xA29A
f=3605 ed=0xB8 ec=0x38 57=0x0 26=0x0 ptr(4D)=0xA29B
f=4096 ed=0xB8 ec=0x38 57=0x0 26=0x0 ptr(4D)=0xA29D
f=4336 ed=0xB8 ec=0x38 57=0x0 26=0x0 ptr(4D)=0xA022
f=4338 ed=0xB8 ec=0x38 57=0x0 26=0x0 ptr(4D)=0xA027
f=4355 ed=0xB8 ec=0x38 57=0x0 26=0x0 ptr(4D)=0xA028
f=4595 ed=0xB8 ec=0x38 57=0x0 26=0x0 ptr(4D)=0xA029
f=4610 ed=0xB8 ec=0x38 57=0x0 26=0x0 ptr(4D)=0xA02C
f=4670 ed=0xB8 ec=0x38 57=0x0 26=0x0 ptr(4D)=0xA031
f=4706 ed=0xB8 ec=0x38 57=0x0 26=0x0 ptr(4D)=0xA038
f=4707 ed=0xB8 ec=0x2A 57=0x0 26=0x0 ptr(4D)=0xA040
f=4712 ed=0xB8 ec=0x2A 57=0x0 26=0x0 ptr(4D)=0xA041
f=4717 ed=0xB8 ec=0x2A 57=0x0 26=0x0 ptr(4D)=0xA042
f=4722 ed=0xB8 ec=0x2A 57=0x0 26=0x0 ptr(4D)=0xA043
f=4727 ed=0xB8 ec=0x2A 57=0x0 26=0x0 ptr(4D)=0xA044
f=4732 ed=0xB8 ec=0x2A 57=0x0 26=0x0 ptr(4D)=0xA045
f=4792 ed=0xB8 ec=0x2A 57=0x0 26=0x0 ptr(4D)=0xA046
f=4797 ed=0xB8 ec=0x2A 57=0x0 26=0x0 ptr(4D)=0xA047
f=4802 ed=0xB8 ec=0x2A 57=0x0 26=0x0 ptr(4D)=0xA048
f=4807 ed=0xB8 ec=0x2A 57=0x0 26=0x0 ptr(4D)=0xA049
f=4812 ed=0xB8 ec=0x2A 57=0x0 26=0x0 ptr(4D)=0xA04A
f=4817 ed=0xB8 ec=0x2A 57=0x0 26=0x0 ptr(4D)=0xA04B
f=4822 ed=0xB8 ec=0x2A 57=0x0 26=0x0 ptr(4D)=0xA04C
f=4827 ed=0xB8 ec=0x2A 57=0x0 26=0x0 ptr(4D)=0xA04D
f=4832 ed=0xB8 ec=0x2A 57=0x0 26=0x0 ptr(4D)=0xA04E
f=4837 ed=0xB8 ec=0x2A 57=0x0 26=0x0 ptr(4D)=0xA04F
f=4842 ed=0xB8 ec=0x2A 57=0x0 26=0x0 ptr(4D)=0xA050
f=4847 ed=0xB8 ec=0x2A 57=0x0 26=0x0 ptr(4D)=0xA051
f=4852 ed=0xB8 ec=0x2A 57=0x0 26=0x0 ptr(4D)=0xA052
f=4856 ed=0xB8 ec=0x2A 57=0x0 26=0x0 ptr(4D)=0xA053
f=4861 ed=0xB8 ec=0x2A 57=0x0 26=0x0 ptr(4D)=0xA054
f=4866 ed=0xB8 ec=0x2A 57=0x0 26=0x0 ptr(4D)=0xA055
f=4871 ed=0xB8 ec=0x2A 57=0x0 26=0x0 ptr(4D)=0xA056
f=4876 ed=0xB8 ec=0x2A 57=0x0 26=0x0 ptr(4D)=0xA057
f=4881 ed=0xB8 ec=0x2A 57=0x0 26=0x0 ptr(4D)=0xA058
f=4886 ed=0xB8 ec=0x2A 57=0x0 26=0x0 ptr(4D)=0xA059
f=4891 ed=0xB8 ec=0x2A 57=0x0 26=0x0 ptr(4D)=0xA05A
f=4896 ed=0xB8 ec=0x2A 57=0x0 26=0x0 ptr(4D)=0xA05B
f=4901 ed=0xB8 ec=0x2A 57=0x0 26=0x0 ptr(4D)=0xA05C
f=4906 ed=0xB8 ec=0x2A 57=0x0 26=0x0 ptr(4D)=0xA05D
f=4911 ed=0xB8 ec=0x2A 57=0x0 26=0x0 ptr(4D)=0xA05E
f=4916 ed=0xB8 ec=0x2A 57=0x0 26=0x0 ptr(4D)=0xA05F
f=4921 ed=0xB8 ec=0x2A 57=0x0 26=0x0 ptr(4D)=0xA060
f=4926 ed=0xB8 ec=0x2A 57=0x0 26=0x0 ptr(4D)=0xA061
f=4930 ed=0xB8 ec=0x2A 57=0x0 26=0x0 ptr(4D)=0xA062
f=4935 ed=0xB8 ec=0x2A 57=0x0 26=0x0 ptr(4D)=0xA063
f=4940 ed=0xB8 ec=0x2A 57=0x0 26=0x0 ptr(4D)=0xA064
f=4945 ed=0xB8 ec=0x2A 57=0x0 26=0x0 ptr(4D)=0xA065
f=4950 ed=0xB8 ec=0x2A 57=0x0 26=0x0 ptr(4D)=0xA066
f=4955 ed=0xB8 ec=0x2A 57=0x0 26=0x0 ptr(4D)=0xA067
f=4960 ed=0xB8 ec=0x2A 57=0x0 26=0x0 ptr(4D)=0xA068
f=4965 ed=0xB8 ec=0x2A 57=0x0 26=0x0 ptr(4D)=0xA069
f=4970 ed=0xB8 ec=0x2A 57=0x0 26=0x0 ptr(4D)=0xA06A
f=4975 ed=0xB8 ec=0x2A 57=0x0 26=0x0 ptr(4D)=0xA06B
f=4980 ed=0xB8 ec=0x2A 57=0x0 26=0x0 ptr(4D)=0xA06C
f=4985 ed=0xB8 ec=0x2A 57=0x0 26=0x0 ptr(4D)=0xA06D
f=4989 ed=0xB8 ec=0x2A 57=0x0 26=0x0 ptr(4D)=0xA06E
f=4994 ed=0xB8 ec=0x2A 57=0x0 26=0x0 ptr(4D)=0xA06F
f=4999 ed=0xB8 ec=0x2A 57=0x0 26=0x0 ptr(4D)=0xA070
f=5004 ed=0xB8 ec=0x2A 57=0x0 26=0x0 ptr(4D)=0xA071
f=5009 ed=0xB8 ec=0x2A 57=0x0 26=0x0 ptr(4D)=0xA072
f=5014 ed=0xB8 ec=0x2A 57=0x0 26=0x0 ptr(4D)=0xA073
f=5019 ed=0xB8 ec=0x2A 57=0x0 26=0x0 ptr(4D)=0xA074
f=5024 ed=0xB8 ec=0x2A 57=0x0 26=0x0 ptr(4D)=0xA075
f=5029 ed=0xB8 ec=0x2A 57=0x0 26=0x0 ptr(4D)=0xA076
f=5034 ed=0xB8 ec=0x2A 57=0x0 26=0x0 ptr(4D)=0xA077
f=5039 ed=0xB8 ec=0x2A 57=0x0 26=0x0 ptr(4D)=0xA078
f=5044 ed=0xB8 ec=0x2A 57=0x0 26=0x0 ptr(4D)=0xA079
f=5049 ed=0xB8 ec=0x2A 57=0x0 26=0x0 ptr(4D)=0xA07A
f=5054 ed=0xB8 ec=0x2A 57=0x0 26=0x0 ptr(4D)=0xA07B
f=5059 ed=0xB8 ec=0x2A 57=0x0 26=0x0 ptr(4D)=0xA07C
f=5064 ed=0xB8 ec=0x2A 57=0x0 26=0x0 ptr(4D)=0xA07D
f=5069 ed=0xB8 ec=0x2A 57=0x0 26=0x0 ptr(4D)=0xA07E
f=5073 ed=0xB8 ec=0x2A 57=0x0 26=0x0 ptr(4D)=0xA07F
f=5133 ed=0xB8 ec=0x2A 57=0x0 26=0x0 ptr(4D)=0xA080
f=5148 ed=0xB8 ec=0x2A 57=0x0 26=0x0 ptr(4D)=0xA081
f=5152 ed=0xB8 ec=0x2A 57=0x0 26=0x0 ptr(4D)=0xA087
f=5157 ed=0xB8 ec=0x2A 57=0x0 26=0x0 ptr(4D)=0xA08E
f=5174 ed=0xB8 ec=0x2A 57=0x0 26=0x0 ptr(4D)=0xA092
f=5175 ed=0xB8 ec=0x2A 57=0x0 26=0x0 ptr(4D)=0xA093
f=5176 ed=0xB8 ec=0x2A 57=0x0 26=0x0 ptr(4D)=0xA094
f=5177 ed=0xB8 ec=0x2A 57=0x0 26=0x0 ptr(4D)=0xA095
f=5178 ed=0xB8 ec=0x2A 57=0x0 26=0x0 ptr(4D)=0xA096
f=5179 ed=0xB8 ec=0x2A 57=0x0 26=0x0 ptr(4D)=0xA097
f=5180 ed=0xB8 ec=0x2A 57=0x0 26=0x0 ptr(4D)=0xA098
f=5181 ed=0xB8 ec=0x2A 57=0x0 26=0x0 ptr(4D)=0xA099
f=5182 ed=0xB8 ec=0x2A 57=0x0 26=0x0 ptr(4D)=0xA09A
f=5183 ed=0xB8 ec=0x2A 57=0x0 26=0x0 ptr(4D)=0xA09B
f=5184 ed=0xB8 ec=0x2A 57=0x0 26=0x0 ptr(4D)=0xA09C
f=5185 ed=0xB8 ec=0x2A 57=0x0 26=0x0 ptr(4D)=0xA09D
f=5189 ed=0xB8 ec=0x2A 57=0x0 26=0x0 ptr(4D)=0xA09E
f=5190 ed=0xB8 ec=0x2A 57=0x0 26=0x0 ptr(4D)=0xA09F
f=5191 ed=0xB8 ec=0x2A 57=0x0 26=0x0 ptr(4D)=0xA0A0
f=5192 ed=0xB8 ec=0x2A 57=0x0 26=0x0 ptr(4D)=0xA0A1
f=5193 ed=0xB8 ec=0x2A 57=0x0 26=0x0 ptr(4D)=0xA0A2
f=5194 ed=0xB8 ec=0x2A 57=0x0 26=0x0 ptr(4D)=0xA0A3
f=5195 ed=0xB8 ec=0x2A 57=0x0 26=0x0 ptr(4D)=0xA0A4
f=5196 ed=0xB8 ec=0x2A 57=0x0 26=0x0 ptr(4D)=0xA0A5
f=5197 ed=0xB8 ec=0x2A 57=0x0 26=0x0 ptr(4D)=0xA0A6
f=5198 ed=0xB8 ec=0x2A 57=0x0 26=0x0 ptr(4D)=0xA0A7
f=5202 ed=0xB8 ec=0x2A 57=0x0 26=0x0 ptr(4D)=0xA0A8
f=5203 ed=0xB8 ec=0x2A 57=0x0 26=0x0 ptr(4D)=0xA0A9
f=5204 ed=0xB8 ec=0x2A 57=0x0 26=0x0 ptr(4D)=0xA0AA
f=5205 ed=0xB8 ec=0x2A 57=0x0 26=0x0 ptr(4D)=0xA0AB
f=5206 ed=0xB8 ec=0x2A 57=0x0 26=0x0 ptr(4D)=0xA0AC
f=5207 ed=0xB8 ec=0x2A 57=0x0 26=0x0 ptr(4D)=0xA0AD
f=5208 ed=0xB8 ec=0x2A 57=0x0 26=0x0 ptr(4D)=0xA0AE
f=5209 ed=0xB8 ec=0x2A 57=0x0 26=0x0 ptr(4D)=0xA0AF
f=5210 ed=0xB8 ec=0x2A 57=0x0 26=0x0 ptr(4D)=0xA0B0
f=5211 ed=0xB8 ec=0x2A 57=0x0 26=0x0 ptr(4D)=0xA0B1
f=5212 ed=0xB8 ec=0x2A 57=0x0 26=0x0 ptr(4D)=0xA0B2
f=5213 ed=0xB8 ec=0x2A 57=0x0 26=0x0 ptr(4D)=0xA0B3
f=5214 ed=0xB8 ec=0x2A 57=0x0 26=0x0 ptr(4D)=0xA0B4
f=5218 ed=0xB8 ec=0x2A 57=0x0 26=0x0 ptr(4D)=0xA0B5
f=5234 ed=0xB8 ec=0x2A 57=0x0 26=0x0 ptr(4D)=0xA0B7
f=5354 ed=0xB8 ec=0x2A 57=0x0 26=0x0 ptr(4D)=0xA0B8
f=5369 ed=0xB8 ec=0x2A 57=0x0 26=0x0 ptr(4D)=0xA0B9
f=5373 ed=0xB8 ec=0x2A 57=0x0 26=0x0 ptr(4D)=0xA0BA
f=5391 ed=0xB8 ec=0x2A 57=0x0 26=0x0 ptr(4D)=0xA0C0
f=5392 ed=0xBA ec=0x96 57=0x0 26=0x0 ptr(4D)=0xA0C6
f=5412 ed=0xBA ec=0x96 57=0x0 26=0x0 ptr(4D)=0xA0C9
f=5432 ed=0xBA ec=0x96 57=0x0 26=0x0 ptr(4D)=0xA0CC
f=5452 ed=0xBA ec=0x96 57=0x0 26=0x0 ptr(4D)=0xA0CF
f=5463 ed=0xBA ec=0x96 57=0x0 26=0x0 ptr(4D)=0xA0D5
f=5468 ed=0xBA ec=0x96 57=0x0 26=0x0 ptr(4D)=0xA0D6
f=5473 ed=0xBA ec=0x96 57=0x0 26=0x0 ptr(4D)=0xA0D7
f=5478 ed=0xBA ec=0x96 57=0x0 26=0x0 ptr(4D)=0xA0D8
f=5483 ed=0xBA ec=0x96 57=0x0 26=0x0 ptr(4D)=0xA0D9
f=5488 ed=0xBA ec=0x96 57=0x0 26=0x0 ptr(4D)=0xA0DC
f=5493 ed=0xBA ec=0x96 57=0x0 26=0x0 ptr(4D)=0xA0DD
f=5497 ed=0xBA ec=0x96 57=0x0 26=0x0 ptr(4D)=0xA0DE
f=5502 ed=0xBA ec=0x96 57=0x0 26=0x0 ptr(4D)=0xA0DF
f=5507 ed=0xBA ec=0x96 57=0x0 26=0x0 ptr(4D)=0xA0E0
f=5512 ed=0xBA ec=0x96 57=0x0 26=0x0 ptr(4D)=0xA0E1
f=5517 ed=0xBA ec=0x96 57=0x0 26=0x0 ptr(4D)=0xA0E2
f=5522 ed=0xBA ec=0x96 57=0x0 26=0x0 ptr(4D)=0xA0E3
f=5527 ed=0xBA ec=0x96 57=0x0 26=0x0 ptr(4D)=0xA0E4
f=5532 ed=0xBA ec=0x96 57=0x0 26=0x0 ptr(4D)=0xA0E5
f=5537 ed=0xBA ec=0x96 57=0x0 26=0x0 ptr(4D)=0xA0E6
f=5542 ed=0xBA ec=0x96 57=0x0 26=0x0 ptr(4D)=0xA0E7
f=5547 ed=0xBA ec=0x96 57=0x0 26=0x0 ptr(4D)=0xA0E8
f=5552 ed=0xBA ec=0x96 57=0x0 26=0x0 ptr(4D)=0xA0E9
f=5557 ed=0xBA ec=0x96 57=0x0 26=0x0 ptr(4D)=0xA0EA
f=5562 ed=0xBA ec=0x96 57=0x0 26=0x0 ptr(4D)=0xA0EB
f=5567 ed=0xBA ec=0x96 57=0x0 26=0x0 ptr(4D)=0xA0EC
f=5571 ed=0xBA ec=0x96 57=0x0 26=0x0 ptr(4D)=0xA0ED
f=5611 ed=0xBA ec=0x96 57=0x0 26=0x0 ptr(4D)=0xA0EE
f=5616 ed=0xBA ec=0x96 57=0x0 26=0x0 ptr(4D)=0xA0EF
f=5621 ed=0xBA ec=0x96 57=0x0 26=0x0 ptr(4D)=0xA0F0
f=5626 ed=0xBA ec=0x96 57=0x0 26=0x0 ptr(4D)=0xA0F1
f=5631 ed=0xBA ec=0x96 57=0x0 26=0x0 ptr(4D)=0xA0F2
f=5636 ed=0xBA ec=0x96 57=0x0 26=0x0 ptr(4D)=0xA0F3
f=5641 ed=0xBA ec=0x96 57=0x0 26=0x0 ptr(4D)=0xA0F4
f=5646 ed=0xBA ec=0x96 57=0x0 26=0x0 ptr(4D)=0xA0F5
f=5651 ed=0xBA ec=0x96 57=0x0 26=0x0 ptr(4D)=0xA0F6
f=5656 ed=0xBA ec=0x96 57=0x0 26=0x0 ptr(4D)=0xA0F7
f=5661 ed=0xBA ec=0x96 57=0x0 26=0x0 ptr(4D)=0xA0F8
f=5666 ed=0xBA ec=0x96 57=0x0 26=0x0 ptr(4D)=0xA0F9
f=5671 ed=0xBA ec=0x96 57=0x0 26=0x0 ptr(4D)=0xA0FA
f=5676 ed=0xBA ec=0x96 57=0x0 26=0x0 ptr(4D)=0xA0FB
f=5681 ed=0xBA ec=0x96 57=0x0 26=0x0 ptr(4D)=0xA0FC
f=5685 ed=0xBA ec=0x96 57=0x0 26=0x0 ptr(4D)=0xA0FD
f=5690 ed=0xBA ec=0x96 57=0x0 26=0x0 ptr(4D)=0xA0FE
f=5695 ed=0xBA ec=0x96 57=0x0 26=0x0 ptr(4D)=0xA0FF
f=5700 ed=0xBA ec=0x96 57=0x0 26=0x0 ptr(4D)=0xA100
f=5705 ed=0xBA ec=0x96 57=0x0 26=0x0 ptr(4D)=0xA101
f=5710 ed=0xBA ec=0x96 57=0x0 26=0x0 ptr(4D)=0xA102
f=5715 ed=0xBA ec=0x96 57=0x0 26=0x0 ptr(4D)=0xA103
f=5720 ed=0xBA ec=0x96 57=0x0 26=0x0 ptr(4D)=0xA104
f=5725 ed=0xBA ec=0x96 57=0x0 26=0x0 ptr(4D)=0xA105
f=5730 ed=0xBA ec=0x96 57=0x0 26=0x0 ptr(4D)=0xA106
f=5735 ed=0xBA ec=0x96 57=0x0 26=0x0 ptr(4D)=0xA107
f=5740 ed=0xBA ec=0x96 57=0x0 26=0x0 ptr(4D)=0xA108
f=5744 ed=0xBA ec=0x96 57=0x0 26=0x0 ptr(4D)=0xA109
f=5804 ed=0xBA ec=0x96 57=0x0 26=0x0 ptr(4D)=0xA10C
f=5819 ed=0xBA ec=0x96 57=0x0 26=0x0 ptr(4D)=0xA10D
f=5823 ed=0xBA ec=0x96 57=0x0 26=0x0 ptr(4D)=0xA111
f=5828 ed=0xBA ec=0x96 57=0x0 26=0x0 ptr(4D)=0xA118
f=5845 ed=0xBA ec=0x96 57=0x0 26=0x0 ptr(4D)=0xA11C
f=5847 ed=0xBA ec=0x96 57=0x0 26=0x0 ptr(4D)=0xA11D
f=5849 ed=0xBA ec=0x96 57=0x0 26=0x0 ptr(4D)=0xA11E
f=5851 ed=0xBA ec=0x96 57=0x0 26=0x0 ptr(4D)=0xA11F
f=5853 ed=0xBA ec=0x96 57=0x0 26=0x0 ptr(4D)=0xA120
f=5855 ed=0xBA ec=0x96 57=0x0 26=0x0 ptr(4D)=0xA121
f=5857 ed=0xBA ec=0x96 57=0x0 26=0x0 ptr(4D)=0xA122
f=5859 ed=0xBA ec=0x96 57=0x0 26=0x0 ptr(4D)=0xA123
f=5861 ed=0xBA ec=0x96 57=0x0 26=0x0 ptr(4D)=0xA124
f=5863 ed=0xBA ec=0x96 57=0x0 26=0x0 ptr(4D)=0xA125
f=5865 ed=0xBA ec=0x96 57=0x0 26=0x0 ptr(4D)=0xA126
f=5867 ed=0xBA ec=0x96 57=0x0 26=0x0 ptr(4D)=0xA127
f=5871 ed=0xBA ec=0x96 57=0x0 26=0x0 ptr(4D)=0xA128
f=5873 ed=0xBA ec=0x96 57=0x0 26=0x0 ptr(4D)=0xA129
f=5875 ed=0xBA ec=0x96 57=0x0 26=0x0 ptr(4D)=0xA12A
f=5877 ed=0xBA ec=0x96 57=0x0 26=0x0 ptr(4D)=0xA12B
f=5879 ed=0xBA ec=0x96 57=0x0 26=0x0 ptr(4D)=0xA12C
f=5881 ed=0xBA ec=0x96 57=0x0 26=0x0 ptr(4D)=0xA12D
f=5883 ed=0xBA ec=0x96 57=0x0 26=0x0 ptr(4D)=0xA12E
f=5885 ed=0xBA ec=0x96 57=0x0 26=0x0 ptr(4D)=0xA12F
f=5887 ed=0xBA ec=0x96 57=0x0 26=0x0 ptr(4D)=0xA130
f=5889 ed=0xBA ec=0x96 57=0x0 26=0x0 ptr(4D)=0xA131
f=5891 ed=0xBA ec=0x96 57=0x0 26=0x0 ptr(4D)=0xA132
f=5893 ed=0xBA ec=0x96 57=0x0 26=0x0 ptr(4D)=0xA133
f=5895 ed=0xBA ec=0x96 57=0x0 26=0x0 ptr(4D)=0xA134
f=5899 ed=0xBA ec=0x96 57=0x0 26=0x0 ptr(4D)=0xA135
f=5915 ed=0xBA ec=0x96 57=0x0 26=0x0 ptr(4D)=0xA137
f=6035 ed=0xBA ec=0x96 57=0x0 26=0x0 ptr(4D)=0xA138
f=6050 ed=0xBA ec=0x96 57=0x0 26=0x0 ptr(4D)=0xA139
f=6054 ed=0xBA ec=0x96 57=0x0 26=0x0 ptr(4D)=0xA13E
f=6072 ed=0xBA ec=0x96 57=0x0 26=0x0 ptr(4D)=0xA143
f=6073 ed=0xB8 ec=0x38 57=0x0 26=0x0 ptr(4D)=0xA14B
f=6078 ed=0xB8 ec=0x38 57=0x0 26=0x0 ptr(4D)=0xA14C
f=6083 ed=0xB8 ec=0x38 57=0x0 26=0x0 ptr(4D)=0xA14D
f=6088 ed=0xB8 ec=0x38 57=0x0 26=0x0 ptr(4D)=0xA14E
f=6128 ed=0xB8 ec=0x38 57=0x0 26=0x0 ptr(4D)=0xA151
f=6133 ed=0xB8 ec=0x38 57=0x0 26=0x0 ptr(4D)=0xA152
f=6138 ed=0xB8 ec=0x38 57=0x0 26=0x0 ptr(4D)=0xA153
f=6143 ed=0xB8 ec=0x38 57=0x0 26=0x0 ptr(4D)=0xA154
f=6148 ed=0xB8 ec=0x38 57=0x0 26=0x0 ptr(4D)=0xA155
f=6153 ed=0xB8 ec=0x38 57=0x0 26=0x0 ptr(4D)=0xA156
f=6158 ed=0xB8 ec=0x38 57=0x0 26=0x0 ptr(4D)=0xA157
f=6163 ed=0xB8 ec=0x38 57=0x0 26=0x0 ptr(4D)=0xA158
f=6168 ed=0xB8 ec=0x38 57=0x0 26=0x0 ptr(4D)=0xA159
f=6173 ed=0xB8 ec=0x38 57=0x0 26=0x0 ptr(4D)=0xA15A
f=6177 ed=0xB8 ec=0x38 57=0x0 26=0x0 ptr(4D)=0xA15B
f=6182 ed=0xB8 ec=0x38 57=0x0 26=0x0 ptr(4D)=0xA15C
f=6187 ed=0xB8 ec=0x38 57=0x0 26=0x0 ptr(4D)=0xA15D
f=6192 ed=0xB8 ec=0x38 57=0x0 26=0x0 ptr(4D)=0xA15E
f=6197 ed=0xB8 ec=0x38 57=0x0 26=0x0 ptr(4D)=0xA15F
f=6202 ed=0xB8 ec=0x38 57=0x0 26=0x0 ptr(4D)=0xA160
f=6207 ed=0xB8 ec=0x38 57=0x0 26=0x0 ptr(4D)=0xA161
f=6212 ed=0xB8 ec=0x38 57=0x0 26=0x0 ptr(4D)=0xA162
f=6217 ed=0xB8 ec=0x38 57=0x0 26=0x0 ptr(4D)=0xA163
f=6222 ed=0xB8 ec=0x38 57=0x0 26=0x0 ptr(4D)=0xA166
f=6227 ed=0xB8 ec=0x38 57=0x0 26=0x0 ptr(4D)=0xA167
f=6232 ed=0xB8 ec=0x38 57=0x0 26=0x0 ptr(4D)=0xA168
f=6237 ed=0xB8 ec=0x38 57=0x0 26=0x0 ptr(4D)=0xA169
f=6242 ed=0xB8 ec=0x38 57=0x0 26=0x0 ptr(4D)=0xA16A
f=6247 ed=0xB8 ec=0x38 57=0x0 26=0x0 ptr(4D)=0xA16B
f=6251 ed=0xB8 ec=0x38 57=0x0 26=0x0 ptr(4D)=0xA16C
f=6291 ed=0xB8 ec=0x38 57=0x0 26=0x0 ptr(4D)=0xA16D
f=6296 ed=0xB8 ec=0x38 57=0x0 26=0x0 ptr(4D)=0xA16E
f=6301 ed=0xB8 ec=0x38 57=0x0 26=0x0 ptr(4D)=0xA16F
f=6306 ed=0xB8 ec=0x38 57=0x0 26=0x0 ptr(4D)=0xA170
f=6311 ed=0xB8 ec=0x38 57=0x0 26=0x0 ptr(4D)=0xA171
f=6316 ed=0xB8 ec=0x38 57=0x0 26=0x0 ptr(4D)=0xA172
f=6321 ed=0xB8 ec=0x38 57=0x0 26=0x0 ptr(4D)=0xA173
f=6326 ed=0xB8 ec=0x38 57=0x0 26=0x0 ptr(4D)=0xA174
f=6331 ed=0xB8 ec=0x38 57=0x0 26=0x0 ptr(4D)=0xA175
f=6336 ed=0xB8 ec=0x38 57=0x0 26=0x0 ptr(4D)=0xA176
f=6341 ed=0xB8 ec=0x38 57=0x0 26=0x0 ptr(4D)=0xA177
f=6346 ed=0xB8 ec=0x38 57=0x0 26=0x0 ptr(4D)=0xA178
f=6351 ed=0xB8 ec=0x38 57=0x0 26=0x0 ptr(4D)=0xA179
f=6356 ed=0xB8 ec=0x38 57=0x0 26=0x0 ptr(4D)=0xA17A
f=6361 ed=0xB8 ec=0x38 57=0x0 26=0x0 ptr(4D)=0xA17B
f=6365 ed=0xB8 ec=0x38 57=0x0 26=0x0 ptr(4D)=0xA17C
f=6370 ed=0xB8 ec=0x38 57=0x0 26=0x0 ptr(4D)=0xA17D
f=6375 ed=0xB8 ec=0x38 57=0x0 26=0x0 ptr(4D)=0xA17E
f=6380 ed=0xB8 ec=0x38 57=0x0 26=0x0 ptr(4D)=0xA17F
f=6385 ed=0xB8 ec=0x38 57=0x0 26=0x0 ptr(4D)=0xA180
f=6389 ed=0xB8 ec=0x38 57=0x0 26=0x0 ptr(4D)=0xA181
f=6449 ed=0xB8 ec=0x38 57=0x0 26=0x0 ptr(4D)=0xA182
f=6464 ed=0xB8 ec=0x38 57=0x0 26=0x0 ptr(4D)=0xA183
f=6468 ed=0xB8 ec=0x38 57=0x0 26=0x0 ptr(4D)=0xA187
f=6473 ed=0xB8 ec=0x38 57=0x0 26=0x0 ptr(4D)=0xA18E
f=6490 ed=0xB8 ec=0x38 57=0x0 26=0x0 ptr(4D)=0xA192
f=6492 ed=0xB8 ec=0x38 57=0x0 26=0x0 ptr(4D)=0xA193
f=6494 ed=0xB8 ec=0x38 57=0x0 26=0x0 ptr(4D)=0xA194
f=6496 ed=0xB8 ec=0x38 57=0x0 26=0x0 ptr(4D)=0xA195
f=6498 ed=0xB8 ec=0x38 57=0x0 26=0x0 ptr(4D)=0xA196
f=6500 ed=0xB8 ec=0x38 57=0x0 26=0x0 ptr(4D)=0xA197
f=6502 ed=0xB8 ec=0x38 57=0x0 26=0x0 ptr(4D)=0xA198
f=6504 ed=0xB8 ec=0x38 57=0x0 26=0x0 ptr(4D)=0xA199
f=6506 ed=0xB8 ec=0x38 57=0x0 26=0x0 ptr(4D)=0xA19A
f=6508 ed=0xB8 ec=0x38 57=0x0 26=0x0 ptr(4D)=0xA19B
f=6510 ed=0xB8 ec=0x38 57=0x0 26=0x0 ptr(4D)=0xA19C
f=6514 ed=0xB8 ec=0x38 57=0x0 26=0x0 ptr(4D)=0xA19D
f=6516 ed=0xB8 ec=0x38 57=0x0 26=0x0 ptr(4D)=0xA19E
f=6518 ed=0xB8 ec=0x38 57=0x0 26=0x0 ptr(4D)=0xA19F
f=6520 ed=0xB8 ec=0x38 57=0x0 26=0x0 ptr(4D)=0xA1A0
f=6522 ed=0xB8 ec=0x38 57=0x0 26=0x0 ptr(4D)=0xA1A1
f=6524 ed=0xB8 ec=0x38 57=0x0 26=0x0 ptr(4D)=0xA1A2
f=6526 ed=0xB8 ec=0x38 57=0x0 26=0x0 ptr(4D)=0xA1A3
f=6528 ed=0xB8 ec=0x38 57=0x0 26=0x0 ptr(4D)=0xA1A4
f=6530 ed=0xB8 ec=0x38 57=0x0 26=0x0 ptr(4D)=0xA1A5
f=6532 ed=0xB8 ec=0x38 57=0x0 26=0x0 ptr(4D)=0xA1A6
f=6534 ed=0xB8 ec=0x38 57=0x0 26=0x0 ptr(4D)=0xA1A7
f=6536 ed=0xB8 ec=0x38 57=0x0 26=0x0 ptr(4D)=0xA1A8
f=6538 ed=0xB8 ec=0x38 57=0x0 26=0x0 ptr(4D)=0xA1A9
f=6542 ed=0xB8 ec=0x38 57=0x0 26=0x0 ptr(4D)=0xA1AA
f=6558 ed=0xB8 ec=0x38 57=0x0 26=0x0 ptr(4D)=0xA1AC
f=6678 ed=0xB8 ec=0x38 57=0x0 26=0x0 ptr(4D)=0xA1AD
f=6693 ed=0xB8 ec=0x38 57=0x0 26=0x0 ptr(4D)=0xA1AE
f=6697 ed=0xB8 ec=0x38 57=0x0 26=0x0 ptr(4D)=0xA1B3
f=6724 ed=0xB8 ec=0x38 57=0x0 26=0x0 ptr(4D)=0xA1BA
f=6725 ed=0xB8 ec=0x38 57=0x0 26=0x0 ptr(4D)=0xA1C0
f=6730 ed=0xB8 ec=0x38 57=0x0 26=0x0 ptr(4D)=0xA1C1
f=6735 ed=0xB8 ec=0x38 57=0x0 26=0x0 ptr(4D)=0xA1C2
f=6740 ed=0xB8 ec=0x38 57=0x0 26=0x0 ptr(4D)=0xA1C3
f=6745 ed=0xB8 ec=0x38 57=0x0 26=0x0 ptr(4D)=0xA1C4
f=6750 ed=0xB8 ec=0x38 57=0x0 26=0x0 ptr(4D)=0xA1C5
f=6755 ed=0xB8 ec=0x38 57=0x0 26=0x0 ptr(4D)=0xA1C6
f=6760 ed=0xB8 ec=0x38 57=0x0 26=0x0 ptr(4D)=0xA1C7
f=6765 ed=0xB8 ec=0x38 57=0x0 26=0x0 ptr(4D)=0xA1C8
f=6770 ed=0xB8 ec=0x38 57=0x0 26=0x0 ptr(4D)=0xA1C9
f=6775 ed=0xB8 ec=0x38 57=0x0 26=0x0 ptr(4D)=0xA1CC
f=6780 ed=0xB8 ec=0x38 57=0x0 26=0x0 ptr(4D)=0xA1CD
f=6785 ed=0xB8 ec=0x38 57=0x0 26=0x0 ptr(4D)=0xA1CE
f=6790 ed=0xB8 ec=0x38 57=0x0 26=0x0 ptr(4D)=0xA1CF
f=6795 ed=0xB8 ec=0x38 57=0x0 26=0x0 ptr(4D)=0xA1D0
f=6800 ed=0xB8 ec=0x38 57=0x0 26=0x0 ptr(4D)=0xA1D1
f=6805 ed=0xB8 ec=0x38 57=0x0 26=0x0 ptr(4D)=0xA1D2
f=6810 ed=0xB8 ec=0x38 57=0x0 26=0x0 ptr(4D)=0xA1D3
f=6815 ed=0xB8 ec=0x38 57=0x0 26=0x0 ptr(4D)=0xA1D4
f=6819 ed=0xB8 ec=0x38 57=0x0 26=0x0 ptr(4D)=0xA1D5
f=6859 ed=0xB8 ec=0x38 57=0x0 26=0x0 ptr(4D)=0xA1D6
f=6864 ed=0xB8 ec=0x38 57=0x0 26=0x0 ptr(4D)=0xA1D7
f=6869 ed=0xB8 ec=0x38 57=0x0 26=0x0 ptr(4D)=0xA1D8
f=6874 ed=0xB8 ec=0x38 57=0x0 26=0x0 ptr(4D)=0xA1D9
f=6879 ed=0xB8 ec=0x38 57=0x0 26=0x0 ptr(4D)=0xA1DA
f=6884 ed=0xB8 ec=0x38 57=0x0 26=0x0 ptr(4D)=0xA1DB
f=6889 ed=0xB8 ec=0x38 57=0x0 26=0x0 ptr(4D)=0xA1DC
f=6894 ed=0xB8 ec=0x38 57=0x0 26=0x0 ptr(4D)=0xA1DD
f=6899 ed=0xB8 ec=0x38 57=0x0 26=0x0 ptr(4D)=0xA1DE
f=6904 ed=0xB8 ec=0x38 57=0x0 26=0x0 ptr(4D)=0xA1DF
f=6909 ed=0xB8 ec=0x38 57=0x0 26=0x0 ptr(4D)=0xA1E0
f=6914 ed=0xB8 ec=0x38 57=0x0 26=0x0 ptr(4D)=0xA1E1
f=6919 ed=0xB8 ec=0x38 57=0x0 26=0x0 ptr(4D)=0xA1E2
f=6924 ed=0xB8 ec=0x38 57=0x0 26=0x0 ptr(4D)=0xA1E3
f=6929 ed=0xB8 ec=0x38 57=0x0 26=0x0 ptr(4D)=0xA1E4
f=6933 ed=0xB8 ec=0x38 57=0x0 26=0x0 ptr(4D)=0xA1E5
f=6938 ed=0xB8 ec=0x38 57=0x0 26=0x0 ptr(4D)=0xA1E6
f=6943 ed=0xB8 ec=0x38 57=0x0 26=0x0 ptr(4D)=0xA1E7
f=6948 ed=0xB8 ec=0x38 57=0x0 26=0x0 ptr(4D)=0xA1E8
f=6953 ed=0xB8 ec=0x38 57=0x0 26=0x0 ptr(4D)=0xA1E9
f=6958 ed=0xB8 ec=0x38 57=0x0 26=0x0 ptr(4D)=0xA1EA
f=6963 ed=0xB8 ec=0x38 57=0x0 26=0x0 ptr(4D)=0xA1EB
f=6968 ed=0xB8 ec=0x38 57=0x0 26=0x0 ptr(4D)=0xA1EC
f=6973 ed=0xB8 ec=0x38 57=0x0 26=0x0 ptr(4D)=0xA1ED
f=6978 ed=0xB8 ec=0x38 57=0x0 26=0x0 ptr(4D)=0xA1EE
f=6983 ed=0xB8 ec=0x38 57=0x0 26=0x0 ptr(4D)=0xA1EF
f=6988 ed=0xB8 ec=0x38 57=0x0 26=0x0 ptr(4D)=0xA1F0
f=6993 ed=0xB8 ec=0x38 57=0x0 26=0x0 ptr(4D)=0xA1F1
f=6998 ed=0xB8 ec=0x38 57=0x0 26=0x0 ptr(4D)=0xA1F2
f=7003 ed=0xB8 ec=0x38 57=0x0 26=0x0 ptr(4D)=0xA1F3
f=7008 ed=0xB8 ec=0x38 57=0x0 26=0x0 ptr(4D)=0xA1F4
f=7012 ed=0xB8 ec=0x38 57=0x0 26=0x0 ptr(4D)=0xA1F5
f=7017 ed=0xB8 ec=0x38 57=0x0 26=0x0 ptr(4D)=0xA1F6
f=7022 ed=0xB8 ec=0x38 57=0x0 26=0x0 ptr(4D)=0xA1F7
f=7027 ed=0xB8 ec=0x38 57=0x0 26=0x0 ptr(4D)=0xA1F8
f=7032 ed=0xB8 ec=0x38 57=0x0 26=0x0 ptr(4D)=0xA1F9
f=7037 ed=0xB8 ec=0x38 57=0x0 26=0x0 ptr(4D)=0xA1FA
f=7042 ed=0xB8 ec=0x38 57=0x0 26=0x0 ptr(4D)=0xA1FB
f=7047 ed=0xB8 ec=0x38 57=0x0 26=0x0 ptr(4D)=0xA1FC
f=7052 ed=0xB8 ec=0x38 57=0x0 26=0x0 ptr(4D)=0xA1FD
f=7057 ed=0xB8 ec=0x38 57=0x0 26=0x0 ptr(4D)=0xA1FE
f=7062 ed=0xB8 ec=0x38 57=0x0 26=0x0 ptr(4D)=0xA1FF
f=7067 ed=0xB8 ec=0x38 57=0x0 26=0x0 ptr(4D)=0xA200
f=7071 ed=0xB8 ec=0x38 57=0x0 26=0x0 ptr(4D)=0xA201
f=7131 ed=0xB8 ec=0x38 57=0x0 26=0x0 ptr(4D)=0xA202
f=7146 ed=0xB8 ec=0x38 57=0x0 26=0x0 ptr(4D)=0xA203
f=7150 ed=0xB8 ec=0x38 57=0x0 26=0x0 ptr(4D)=0xA207
f=7155 ed=0xB8 ec=0x38 57=0x0 26=0x0 ptr(4D)=0xA20E
f=7172 ed=0xB8 ec=0x38 57=0x0 26=0x0 ptr(4D)=0xA212
f=7173 ed=0xB8 ec=0x38 57=0x0 26=0x0 ptr(4D)=0xA213
f=7174 ed=0xB8 ec=0x38 57=0x0 26=0x0 ptr(4D)=0xA214
f=7175 ed=0xB8 ec=0x38 57=0x0 26=0x0 ptr(4D)=0xA215
f=7176 ed=0xB8 ec=0x38 57=0x0 26=0x0 ptr(4D)=0xA216
f=7177 ed=0xB8 ec=0x38 57=0x0 26=0x0 ptr(4D)=0xA217
f=7178 ed=0xB8 ec=0x38 57=0x0 26=0x0 ptr(4D)=0xA218
f=7179 ed=0xB8 ec=0x38 57=0x0 26=0x0 ptr(4D)=0xA219
f=7180 ed=0xB8 ec=0x38 57=0x0 26=0x0 ptr(4D)=0xA21A
f=7181 ed=0xB8 ec=0x38 57=0x0 26=0x0 ptr(4D)=0xA21B
f=7182 ed=0xB8 ec=0x38 57=0x0 26=0x0 ptr(4D)=0xA21C
f=7183 ed=0xB8 ec=0x38 57=0x0 26=0x0 ptr(4D)=0xA21D
f=7184 ed=0xB8 ec=0x38 57=0x0 26=0x0 ptr(4D)=0xA21E
f=7188 ed=0xB8 ec=0x38 57=0x0 26=0x0 ptr(4D)=0xA21F
f=7189 ed=0xB8 ec=0x38 57=0x0 26=0x0 ptr(4D)=0xA220
f=7190 ed=0xB8 ec=0x38 57=0x0 26=0x0 ptr(4D)=0xA221
f=7191 ed=0xB8 ec=0x38 57=0x0 26=0x0 ptr(4D)=0xA222
f=7192 ed=0xB8 ec=0x38 57=0x0 26=0x0 ptr(4D)=0xA223
f=7193 ed=0xB8 ec=0x38 57=0x0 26=0x0 ptr(4D)=0xA224
f=7194 ed=0xB8 ec=0x38 57=0x0 26=0x0 ptr(4D)=0xA225
f=7195 ed=0xB8 ec=0x38 57=0x0 26=0x0 ptr(4D)=0xA226
f=7196 ed=0xB8 ec=0x38 57=0x0 26=0x0 ptr(4D)=0xA227
f=7197 ed=0xB8 ec=0x38 57=0x0 26=0x0 ptr(4D)=0xA228
f=7198 ed=0xB8 ec=0x38 57=0x0 26=0x0 ptr(4D)=0xA229
f=7202 ed=0xB8 ec=0x38 57=0x0 26=0x0 ptr(4D)=0xA22A
f=7203 ed=0xB8 ec=0x38 57=0x0 26=0x0 ptr(4D)=0xA22B
f=7204 ed=0xB8 ec=0x38 57=0x0 26=0x0 ptr(4D)=0xA22C
f=7205 ed=0xB8 ec=0x38 57=0x0 26=0x0 ptr(4D)=0xA22D
f=7206 ed=0xB8 ec=0x38 57=0x0 26=0x0 ptr(4D)=0xA22E
f=7207 ed=0xB8 ec=0x38 57=0x0 26=0x0 ptr(4D)=0xA22F
f=7208 ed=0xB8 ec=0x38 57=0x0 26=0x0 ptr(4D)=0xA230
f=7209 ed=0xB8 ec=0x38 57=0x0 26=0x0 ptr(4D)=0xA231
f=7210 ed=0xB8 ec=0x38 57=0x0 26=0x0 ptr(4D)=0xA232
f=7211 ed=0xB8 ec=0x38 57=0x0 26=0x0 ptr(4D)=0xA233
f=7212 ed=0xB8 ec=0x38 57=0x0 26=0x0 ptr(4D)=0xA234
f=7213 ed=0xB8 ec=0x38 57=0x0 26=0x0 ptr(4D)=0xA235
f=7214 ed=0xB8 ec=0x38 57=0x0 26=0x0 ptr(4D)=0xA236
f=7215 ed=0xB8 ec=0x38 57=0x0 26=0x0 ptr(4D)=0xA237
f=7219 ed=0xB8 ec=0x38 57=0x0 26=0x0 ptr(4D)=0xA238
f=7235 ed=0xB8 ec=0x38 57=0x0 26=0x0 ptr(4D)=0xA23A
f=7355 ed=0xB8 ec=0x38 57=0x0 26=0x0 ptr(4D)=0xA23B
f=7370 ed=0xB8 ec=0x38 57=0x0 26=0x0 ptr(4D)=0xA23C
f=7374 ed=0xB8 ec=0x38 57=0x0 26=0x0 ptr(4D)=0xA252
f=7375 ed=0xB8 ec=0x38 57=0x0 26=0x0 ptr(4D)=0xA25A
f=7379 ed=0xB8 ec=0x38 57=0x0 26=0x0 ptr(4D)=0xA268
f=7380 ed=0xB8 ec=0x38 57=0x0 26=0x0 ptr(4D)=0xA26E
f=7384 ed=0xB8 ec=0x38 57=0x0 26=0x0 ptr(4D)=0xA27B
f=7385 ed=0xB8 ec=0x38 57=0x0 26=0x0 ptr(4D)=0xA27D
f=7389 ed=0xB8 ec=0x38 57=0x0 26=0x0 ptr(4D)=0xA28B
f=7390 ed=0xB8 ec=0x38 57=0x0 26=0x0 ptr(4D)=0xA293
f=7394 ed=0xB8 ec=0x38 57=0x0 26=0x0 ptr(4D)=0xA294
f=7411 ed=0xB8 ec=0x38 57=0x0 26=0x0 ptr(4D)=0xA295
f=7431 ed=0xB8 ec=0x38 57=0x0 26=0x0 ptr(4D)=0xA296
f=7671 ed=0xB8 ec=0x38 57=0x0 26=0x0 ptr(4D)=0xA297
f=7911 ed=0xB8 ec=0x38 57=0x0 26=0x0 ptr(4D)=0xA298
f=7927 ed=0xB8 ec=0x38 57=0x0 26=0x0 ptr(4D)=0xA29A
f=7934 ed=0xB8 ec=0x38 57=0x0 26=0x0 ptr(4D)=0xA29B
f=8425 ed=0xB8 ec=0x38 57=0x0 26=0x0 ptr(4D)=0xA29D
f=8665 ed=0xB8 ec=0x38 57=0x0 26=0x0 ptr(4D)=0xA022
f=8667 ed=0xB8 ec=0x38 57=0x0 26=0x0 ptr(4D)=0xA027
f=8684 ed=0xB8 ec=0x38 57=0x0 26=0x0 ptr(4D)=0xA028
f=8924 ed=0xB8 ec=0x38 57=0x0 26=0x0 ptr(4D)=0xA029
f=8939 ed=0xB8 ec=0x38 57=0x0 26=0x0 ptr(4D)=0xA02C
f=8999 ed=0xB8 ec=0x38 57=0x0 26=0x0 ptr(4D)=0xA031
f=9035 ed=0xB8 ec=0x38 57=0x0 26=0x0 ptr(4D)=0xA038
f=9036 ed=0xB8 ec=0x2A 57=0x0 26=0x0 ptr(4D)=0xA040
f=9041 ed=0xB8 ec=0x2A 57=0x0 26=0x0 ptr(4D)=0xA041
f=9046 ed=0xB8 ec=0x2A 57=0x0 26=0x0 ptr(4D)=0xA042
f=9051 ed=0xB8 ec=0x2A 57=0x0 26=0x0 ptr(4D)=0xA043
f=9056 ed=0xB8 ec=0x2A 57=0x0 26=0x0 ptr(4D)=0xA044
f=9061 ed=0xB8 ec=0x2A 57=0x0 26=0x0 ptr(4D)=0xA045
f=9121 ed=0xB8 ec=0x2A 57=0x0 26=0x0 ptr(4D)=0xA046
f=9126 ed=0xB8 ec=0x2A 57=0x0 26=0x0 ptr(4D)=0xA047
f=9131 ed=0xB8 ec=0x2A 57=0x0 26=0x0 ptr(4D)=0xA048
f=9136 ed=0xB8 ec=0x2A 57=0x0 26=0x0 ptr(4D)=0xA049
f=9141 ed=0xB8 ec=0x2A 57=0x0 26=0x0 ptr(4D)=0xA04A
f=9146 ed=0xB8 ec=0x2A 57=0x0 26=0x0 ptr(4D)=0xA04B
f=9151 ed=0xB8 ec=0x2A 57=0x0 26=0x0 ptr(4D)=0xA04C
f=9156 ed=0xB8 ec=0x2A 57=0x0 26=0x0 ptr(4D)=0xA04D
f=9161 ed=0xB8 ec=0x2A 57=0x0 26=0x0 ptr(4D)=0xA04E
f=9166 ed=0xB8 ec=0x2A 57=0x0 26=0x0 ptr(4D)=0xA04F
f=9171 ed=0xB8 ec=0x2A 57=0x0 26=0x0 ptr(4D)=0xA050
f=9176 ed=0xB8 ec=0x2A 57=0x0 26=0x0 ptr(4D)=0xA051
f=9181 ed=0xB8 ec=0x2A 57=0x0 26=0x0 ptr(4D)=0xA052
f=9185 ed=0xB8 ec=0x2A 57=0x0 26=0x0 ptr(4D)=0xA053
f=9190 ed=0xB8 ec=0x2A 57=0x0 26=0x0 ptr(4D)=0xA054
f=9195 ed=0xB8 ec=0x2A 57=0x0 26=0x0 ptr(4D)=0xA055
f=9200 ed=0xB8 ec=0x2A 57=0x0 26=0x0 ptr(4D)=0xA056
f=9205 ed=0xB8 ec=0x2A 57=0x0 26=0x0 ptr(4D)=0xA057
f=9210 ed=0xB8 ec=0x2A 57=0x0 26=0x0 ptr(4D)=0xA058
f=9215 ed=0xB8 ec=0x2A 57=0x0 26=0x0 ptr(4D)=0xA059
f=9220 ed=0xB8 ec=0x2A 57=0x0 26=0x0 ptr(4D)=0xA05A
f=9225 ed=0xB8 ec=0x2A 57=0x0 26=0x0 ptr(4D)=0xA05B
f=9230 ed=0xB8 ec=0x2A 57=0x0 26=0x0 ptr(4D)=0xA05C
f=9235 ed=0xB8 ec=0x2A 57=0x0 26=0x0 ptr(4D)=0xA05D
f=9240 ed=0xB8 ec=0x2A 57=0x0 26=0x0 ptr(4D)=0xA05E
f=9245 ed=0xB8 ec=0x2A 57=0x0 26=0x0 ptr(4D)=0xA05F
f=9250 ed=0xB8 ec=0x2A 57=0x0 26=0x0 ptr(4D)=0xA060
f=9255 ed=0xB8 ec=0x2A 57=0x0 26=0x0 ptr(4D)=0xA061
f=9259 ed=0xB8 ec=0x2A 57=0x0 26=0x0 ptr(4D)=0xA062
f=9264 ed=0xB8 ec=0x2A 57=0x0 26=0x0 ptr(4D)=0xA063
f=9269 ed=0xB8 ec=0x2A 57=0x0 26=0x0 ptr(4D)=0xA064
f=9274 ed=0xB8 ec=0x2A 57=0x0 26=0x0 ptr(4D)=0xA065
f=9279 ed=0xB8 ec=0x2A 57=0x0 26=0x0 ptr(4D)=0xA066
f=9284 ed=0xB8 ec=0x2A 57=0x0 26=0x0 ptr(4D)=0xA067
f=9289 ed=0xB8 ec=0x2A 57=0x0 26=0x0 ptr(4D)=0xA068
f=9294 ed=0xB8 ec=0x2A 57=0x0 26=0x0 ptr(4D)=0xA069
f=9299 ed=0xB8 ec=0x2A 57=0x0 26=0x0 ptr(4D)=0xA06A
f=9304 ed=0xB8 ec=0x2A 57=0x0 26=0x0 ptr(4D)=0xA06B
f=9309 ed=0xB8 ec=0x2A 57=0x0 26=0x0 ptr(4D)=0xA06C
f=9314 ed=0xB8 ec=0x2A 57=0x0 26=0x0 ptr(4D)=0xA06D
f=9318 ed=0xB8 ec=0x2A 57=0x0 26=0x0 ptr(4D)=0xA06E
f=9323 ed=0xB8 ec=0x2A 57=0x0 26=0x0 ptr(4D)=0xA06F
f=9328 ed=0xB8 ec=0x2A 57=0x0 26=0x0 ptr(4D)=0xA070
f=9333 ed=0xB8 ec=0x2A 57=0x0 26=0x0 ptr(4D)=0xA071
f=9338 ed=0xB8 ec=0x2A 57=0x0 26=0x0 ptr(4D)=0xA072
f=9343 ed=0xB8 ec=0x2A 57=0x0 26=0x0 ptr(4D)=0xA073
f=9348 ed=0xB8 ec=0x2A 57=0x0 26=0x0 ptr(4D)=0xA074
f=9353 ed=0xB8 ec=0x2A 57=0x0 26=0x0 ptr(4D)=0xA075
f=9358 ed=0xB8 ec=0x2A 57=0x0 26=0x0 ptr(4D)=0xA076
f=9363 ed=0xB8 ec=0x2A 57=0x0 26=0x0 ptr(4D)=0xA077
f=9368 ed=0xB8 ec=0x2A 57=0x0 26=0x0 ptr(4D)=0xA078
f=9373 ed=0xB8 ec=0x2A 57=0x0 26=0x0 ptr(4D)=0xA079
f=9378 ed=0xB8 ec=0x2A 57=0x0 26=0x0 ptr(4D)=0xA07A
f=9383 ed=0xB8 ec=0x2A 57=0x0 26=0x0 ptr(4D)=0xA07B
f=9388 ed=0xB8 ec=0x2A 57=0x0 26=0x0 ptr(4D)=0xA07C
f=9393 ed=0xB8 ec=0x2A 57=0x0 26=0x0 ptr(4D)=0xA07D
f=9398 ed=0xB8 ec=0x2A 57=0x0 26=0x0 ptr(4D)=0xA07E
f=9402 ed=0xB8 ec=0x2A 57=0x0 26=0x0 ptr(4D)=0xA07F
f=9462 ed=0xB8 ec=0x2A 57=0x0 26=0x0 ptr(4D)=0xA080
f=9477 ed=0xB8 ec=0x2A 57=0x0 26=0x0 ptr(4D)=0xA081
f=9481 ed=0xB8 ec=0x2A 57=0x0 26=0x0 ptr(4D)=0xA087
f=9486 ed=0xB8 ec=0x2A 57=0x0 26=0x0 ptr(4D)=0xA08E
f=9503 ed=0xB8 ec=0x2A 57=0x0 26=0x0 ptr(4D)=0xA092
f=9504 ed=0xB8 ec=0x2A 57=0x0 26=0x0 ptr(4D)=0xA093
f=9505 ed=0xB8 ec=0x2A 57=0x0 26=0x0 ptr(4D)=0xA094
f=9506 ed=0xB8 ec=0x2A 57=0x0 26=0x0 ptr(4D)=0xA095
f=9507 ed=0xB8 ec=0x2A 57=0x0 26=0x0 ptr(4D)=0xA096
f=9508 ed=0xB8 ec=0x2A 57=0x0 26=0x0 ptr(4D)=0xA097
f=9509 ed=0xB8 ec=0x2A 57=0x0 26=0x0 ptr(4D)=0xA098
f=9510 ed=0xB8 ec=0x2A 57=0x0 26=0x0 ptr(4D)=0xA099
f=9511 ed=0xB8 ec=0x2A 57=0x0 26=0x0 ptr(4D)=0xA09A
f=9512 ed=0xB8 ec=0x2A 57=0x0 26=0x0 ptr(4D)=0xA09B
f=9513 ed=0xB8 ec=0x2A 57=0x0 26=0x0 ptr(4D)=0xA09C
f=9514 ed=0xB8 ec=0x2A 57=0x0 26=0x0 ptr(4D)=0xA09D
f=9518 ed=0xB8 ec=0x2A 57=0x0 26=0x0 ptr(4D)=0xA09E
f=9519 ed=0xB8 ec=0x2A 57=0x0 26=0x0 ptr(4D)=0xA09F
f=9520 ed=0xB8 ec=0x2A 57=0x0 26=0x0 ptr(4D)=0xA0A0
f=9521 ed=0xB8 ec=0x2A 57=0x0 26=0x0 ptr(4D)=0xA0A1
f=9522 ed=0xB8 ec=0x2A 57=0x0 26=0x0 ptr(4D)=0xA0A2
f=9523 ed=0xB8 ec=0x2A 57=0x0 26=0x0 ptr(4D)=0xA0A3
f=9524 ed=0xB8 ec=0x2A 57=0x0 26=0x0 ptr(4D)=0xA0A4
f=9525 ed=0xB8 ec=0x2A 57=0x0 26=0x0 ptr(4D)=0xA0A5
f=9526 ed=0xB8 ec=0x2A 57=0x0 26=0x0 ptr(4D)=0xA0A6
f=9527 ed=0xB8 ec=0x2A 57=0x0 26=0x0 ptr(4D)=0xA0A7
f=9531 ed=0xB8 ec=0x2A 57=0x0 26=0x0 ptr(4D)=0xA0A8
f=9532 ed=0xB8 ec=0x2A 57=0x0 26=0x0 ptr(4D)=0xA0A9
f=9533 ed=0xB8 ec=0x2A 57=0x0 26=0x0 ptr(4D)=0xA0AA
f=9534 ed=0xB8 ec=0x2A 57=0x0 26=0x0 ptr(4D)=0xA0AB
f=9535 ed=0xB8 ec=0x2A 57=0x0 26=0x0 ptr(4D)=0xA0AC
f=9536 ed=0xB8 ec=0x2A 57=0x0 26=0x0 ptr(4D)=0xA0AD
f=9537 ed=0xB8 ec=0x2A 57=0x0 26=0x0 ptr(4D)=0xA0AE
f=9538 ed=0xB8 ec=0x2A 57=0x0 26=0x0 ptr(4D)=0xA0AF
f=9539 ed=0xB8 ec=0x2A 57=0x0 26=0x0 ptr(4D)=0xA0B0
f=9540 ed=0xB8 ec=0x2A 57=0x0 26=0x0 ptr(4D)=0xA0B1
f=9541 ed=0xB8 ec=0x2A 57=0x0 26=0x0 ptr(4D)=0xA0B2
f=9542 ed=0xB8 ec=0x2A 57=0x0 26=0x0 ptr(4D)=0xA0B3
f=9543 ed=0xB8 ec=0x2A 57=0x0 26=0x0 ptr(4D)=0xA0B4
f=9547 ed=0xB8 ec=0x2A 57=0x0 26=0x0 ptr(4D)=0xA0B5
f=9563 ed=0xB8 ec=0x2A 57=0x0 26=0x0 ptr(4D)=0xA0B7
f=9683 ed=0xB8 ec=0x2A 57=0x0 26=0x0 ptr(4D)=0xA0B8
f=9698 ed=0xB8 ec=0x2A 57=0x0 26=0x0 ptr(4D)=0xA0B9
f=9702 ed=0xB8 ec=0x2A 57=0x0 26=0x0 ptr(4D)=0xA0BA
f=9720 ed=0xB8 ec=0x2A 57=0x0 26=0x0 ptr(4D)=0xA0C0
f=9721 ed=0xBA ec=0x96 57=0x0 26=0x0 ptr(4D)=0xA0C6
f=9741 ed=0xBA ec=0x96 57=0x0 26=0x0 ptr(4D)=0xA0C9
f=9761 ed=0xBA ec=0x96 57=0x0 26=0x0 ptr(4D)=0xA0CC
f=9781 ed=0xBA ec=0x96 57=0x0 26=0x0 ptr(4D)=0xA0CF
f=9792 ed=0xBA ec=0x96 57=0x0 26=0x0 ptr(4D)=0xA0D5
f=9797 ed=0xBA ec=0x96 57=0x0 26=0x0 ptr(4D)=0xA0D6
f=9802 ed=0xBA ec=0x96 57=0x0 26=0x0 ptr(4D)=0xA0D7
f=9807 ed=0xBA ec=0x96 57=0x0 26=0x0 ptr(4D)=0xA0D8
f=9812 ed=0xBA ec=0x96 57=0x0 26=0x0 ptr(4D)=0xA0D9
f=9817 ed=0xBA ec=0x96 57=0x0 26=0x0 ptr(4D)=0xA0DC
f=9822 ed=0xBA ec=0x96 57=0x0 26=0x0 ptr(4D)=0xA0DD
f=9826 ed=0xBA ec=0x96 57=0x0 26=0x0 ptr(4D)=0xA0DE
f=9831 ed=0xBA ec=0x96 57=0x0 26=0x0 ptr(4D)=0xA0DF
f=9836 ed=0xBA ec=0x96 57=0x0 26=0x0 ptr(4D)=0xA0E0
f=9841 ed=0xBA ec=0x96 57=0x0 26=0x0 ptr(4D)=0xA0E1
f=9846 ed=0xBA ec=0x96 57=0x0 26=0x0 ptr(4D)=0xA0E2
f=9851 ed=0xBA ec=0x96 57=0x0 26=0x0 ptr(4D)=0xA0E3
f=9856 ed=0xBA ec=0x96 57=0x0 26=0x0 ptr(4D)=0xA0E4
f=9861 ed=0xBA ec=0x96 57=0x0 26=0x0 ptr(4D)=0xA0E5
f=9866 ed=0xBA ec=0x96 57=0x0 26=0x0 ptr(4D)=0xA0E6
f=9871 ed=0xBA ec=0x96 57=0x0 26=0x0 ptr(4D)=0xA0E7
f=9876 ed=0xBA ec=0x96 57=0x0 26=0x0 ptr(4D)=0xA0E8
f=9881 ed=0xBA ec=0x96 57=0x0 26=0x0 ptr(4D)=0xA0E9
f=9886 ed=0xBA ec=0x96 57=0x0 26=0x0 ptr(4D)=0xA0EA
f=9891 ed=0xBA ec=0x96 57=0x0 26=0x0 ptr(4D)=0xA0EB
f=9896 ed=0xBA ec=0x96 57=0x0 26=0x0 ptr(4D)=0xA0EC
f=9900 ed=0xBA ec=0x96 57=0x0 26=0x0 ptr(4D)=0xA0ED
f=9940 ed=0xBA ec=0x96 57=0x0 26=0x0 ptr(4D)=0xA0EE
f=9945 ed=0xBA ec=0x96 57=0x0 26=0x0 ptr(4D)=0xA0EF
f=9950 ed=0xBA ec=0x96 57=0x0 26=0x0 ptr(4D)=0xA0F0
f=9955 ed=0xBA ec=0x96 57=0x0 26=0x0 ptr(4D)=0xA0F1
f=9960 ed=0xBA ec=0x96 57=0x0 26=0x0 ptr(4D)=0xA0F2
f=9965 ed=0xBA ec=0x96 57=0x0 26=0x0 ptr(4D)=0xA0F3
f=9970 ed=0xBA ec=0x96 57=0x0 26=0x0 ptr(4D)=0xA0F4
f=9975 ed=0xBA ec=0x96 57=0x0 26=0x0 ptr(4D)=0xA0F5
f=9980 ed=0xBA ec=0x96 57=0x0 26=0x0 ptr(4D)=0xA0F6
f=9985 ed=0xBA ec=0x96 57=0x0 26=0x0 ptr(4D)=0xA0F7
f=9990 ed=0xBA ec=0x96 57=0x0 26=0x0 ptr(4D)=0xA0F8
f=9995 ed=0xBA ec=0x96 57=0x0 26=0x0 ptr(4D)=0xA0F9
f=10000 ed=0xBA ec=0x96 57=0x0 26=0x0 ptr(4D)=0xA0FA
f=10005 ed=0xBA ec=0x96 57=0x0 26=0x0 ptr(4D)=0xA0FB
f=10010 ed=0xBA ec=0x96 57=0x0 26=0x0 ptr(4D)=0xA0FC
f=10014 ed=0xBA ec=0x96 57=0x0 26=0x0 ptr(4D)=0xA0FD
f=10019 ed=0xBA ec=0x96 57=0x0 26=0x0 ptr(4D)=0xA0FE
f=10024 ed=0xBA ec=0x96 57=0x0 26=0x0 ptr(4D)=0xA0FF
f=10029 ed=0xBA ec=0x96 57=0x0 26=0x0 ptr(4D)=0xA100
f=10034 ed=0xBA ec=0x96 57=0x0 26=0x0 ptr(4D)=0xA101
f=10039 ed=0xBA ec=0x96 57=0x0 26=0x0 ptr(4D)=0xA102
f=10044 ed=0xBA ec=0x96 57=0x0 26=0x0 ptr(4D)=0xA103
f=10049 ed=0xBA ec=0x96 57=0x0 26=0x0 ptr(4D)=0xA104
f=10054 ed=0xBA ec=0x96 57=0x0 26=0x0 ptr(4D)=0xA105
f=10059 ed=0xBA ec=0x96 57=0x0 26=0x0 ptr(4D)=0xA106
f=10064 ed=0xBA ec=0x96 57=0x0 26=0x0 ptr(4D)=0xA107
f=10069 ed=0xBA ec=0x96 57=0x0 26=0x0 ptr(4D)=0xA108
f=10073 ed=0xBA ec=0x96 57=0x0 26=0x0 ptr(4D)=0xA109
f=10133 ed=0xBA ec=0x96 57=0x0 26=0x0 ptr(4D)=0xA10C
f=10148 ed=0xBA ec=0x96 57=0x0 26=0x0 ptr(4D)=0xA10D
f=10152 ed=0xBA ec=0x96 57=0x0 26=0x0 ptr(4D)=0xA111
f=10157 ed=0xBA ec=0x96 57=0x0 26=0x0 ptr(4D)=0xA118
f=10174 ed=0xBA ec=0x96 57=0x0 26=0x0 ptr(4D)=0xA11C
f=10176 ed=0xBA ec=0x96 57=0x0 26=0x0 ptr(4D)=0xA11D
f=10178 ed=0xBA ec=0x96 57=0x0 26=0x0 ptr(4D)=0xA11E
f=10180 ed=0xBA ec=0x96 57=0x0 26=0x0 ptr(4D)=0xA11F
f=10182 ed=0xBA ec=0x96 57=0x0 26=0x0 ptr(4D)=0xA120
f=10184 ed=0xBA ec=0x96 57=0x0 26=0x0 ptr(4D)=0xA121
f=10186 ed=0xBA ec=0x96 57=0x0 26=0x0 ptr(4D)=0xA122
f=10188 ed=0xBA ec=0x96 57=0x0 26=0x0 ptr(4D)=0xA123
f=10190 ed=0xBA ec=0x96 57=0x0 26=0x0 ptr(4D)=0xA124
f=10192 ed=0xBA ec=0x96 57=0x0 26=0x0 ptr(4D)=0xA125
f=10194 ed=0xBA ec=0x96 57=0x0 26=0x0 ptr(4D)=0xA126
f=10196 ed=0xBA ec=0x96 57=0x0 26=0x0 ptr(4D)=0xA127
f=10200 ed=0xBA ec=0x96 57=0x0 26=0x0 ptr(4D)=0xA128
f=10202 ed=0xBA ec=0x96 57=0x0 26=0x0 ptr(4D)=0xA129
f=10204 ed=0xBA ec=0x96 57=0x0 26=0x0 ptr(4D)=0xA12A
f=10206 ed=0xBA ec=0x96 57=0x0 26=0x0 ptr(4D)=0xA12B
f=10208 ed=0xBA ec=0x96 57=0x0 26=0x0 ptr(4D)=0xA12C
f=10210 ed=0xBA ec=0x96 57=0x0 26=0x0 ptr(4D)=0xA12D
f=10212 ed=0xBA ec=0x96 57=0x0 26=0x0 ptr(4D)=0xA12E
f=10214 ed=0xBA ec=0x96 57=0x0 26=0x0 ptr(4D)=0xA12F
f=10216 ed=0xBA ec=0x96 57=0x0 26=0x0 ptr(4D)=0xA130
f=10218 ed=0xBA ec=0x96 57=0x0 26=0x0 ptr(4D)=0xA131
f=10220 ed=0xBA ec=0x96 57=0x0 26=0x0 ptr(4D)=0xA132
f=10222 ed=0xBA ec=0x96 57=0x0 26=0x0 ptr(4D)=0xA133
f=10224 ed=0xBA ec=0x96 57=0x0 26=0x0 ptr(4D)=0xA134
f=10228 ed=0xBA ec=0x96 57=0x0 26=0x0 ptr(4D)=0xA135
f=10244 ed=0xBA ec=0x96 57=0x0 26=0x0 ptr(4D)=0xA137
f=10364 ed=0xBA ec=0x96 57=0x0 26=0x0 ptr(4D)=0xA138
f=10379 ed=0xBA ec=0x96 57=0x0 26=0x0 ptr(4D)=0xA139
f=10383 ed=0xBA ec=0x96 57=0x0 26=0x0 ptr(4D)=0xA13E
f=10401 ed=0xBA ec=0x96 57=0x0 26=0x0 ptr(4D)=0xA143
f=10402 ed=0xB8 ec=0x38 57=0x0 26=0x0 ptr(4D)=0xA14B
f=10407 ed=0xB8 ec=0x38 57=0x0 26=0x0 ptr(4D)=0xA14C
f=10412 ed=0xB8 ec=0x38 57=0x0 26=0x0 ptr(4D)=0xA14D
f=10417 ed=0xB8 ec=0x38 57=0x0 26=0x0 ptr(4D)=0xA14E
f=10457 ed=0xB8 ec=0x38 57=0x0 26=0x0 ptr(4D)=0xA151
f=10462 ed=0xB8 ec=0x38 57=0x0 26=0x0 ptr(4D)=0xA152
f=10467 ed=0xB8 ec=0x38 57=0x0 26=0x0 ptr(4D)=0xA153
f=10472 ed=0xB8 ec=0x38 57=0x0 26=0x0 ptr(4D)=0xA154
f=10477 ed=0xB8 ec=0x38 57=0x0 26=0x0 ptr(4D)=0xA155
f=10482 ed=0xB8 ec=0x38 57=0x0 26=0x0 ptr(4D)=0xA156
f=10487 ed=0xB8 ec=0x38 57=0x0 26=0x0 ptr(4D)=0xA157
f=10492 ed=0xB8 ec=0x38 57=0x0 26=0x0 ptr(4D)=0xA158
f=10497 ed=0xB8 ec=0x38 57=0x0 26=0x0 ptr(4D)=0xA159
f=10502 ed=0xB8 ec=0x38 57=0x0 26=0x0 ptr(4D)=0xA15A
f=10506 ed=0xB8 ec=0x38 57=0x0 26=0x0 ptr(4D)=0xA15B
f=10511 ed=0xB8 ec=0x38 57=0x0 26=0x0 ptr(4D)=0xA15C
f=10516 ed=0xB8 ec=0x38 57=0x0 26=0x0 ptr(4D)=0xA15D
f=10521 ed=0xB8 ec=0x38 57=0x0 26=0x0 ptr(4D)=0xA15E
f=10526 ed=0xB8 ec=0x38 57=0x0 26=0x0 ptr(4D)=0xA15F
f=10531 ed=0xB8 ec=0x38 57=0x0 26=0x0 ptr(4D)=0xA160
f=10536 ed=0xB8 ec=0x38 57=0x0 26=0x0 ptr(4D)=0xA161
f=10541 ed=0xB8 ec=0x38 57=0x0 26=0x0 ptr(4D)=0xA162
f=10546 ed=0xB8 ec=0x38 57=0x0 26=0x0 ptr(4D)=0xA163
f=10551 ed=0xB8 ec=0x38 57=0x0 26=0x0 ptr(4D)=0xA166
f=10556 ed=0xB8 ec=0x38 57=0x0 26=0x0 ptr(4D)=0xA167
f=10561 ed=0xB8 ec=0x38 57=0x0 26=0x0 ptr(4D)=0xA168
f=10566 ed=0xB8 ec=0x38 57=0x0 26=0x0 ptr(4D)=0xA169
f=10571 ed=0xB8 ec=0x38 57=0x0 26=0x0 ptr(4D)=0xA16A
f=10576 ed=0xB8 ec=0x38 57=0x0 26=0x0 ptr(4D)=0xA16B
f=10580 ed=0xB8 ec=0x38 57=0x0 26=0x0 ptr(4D)=0xA16C
f=10620 ed=0xB8 ec=0x38 57=0x0 26=0x0 ptr(4D)=0xA16D
f=10625 ed=0xB8 ec=0x38 57=0x0 26=0x0 ptr(4D)=0xA16E
f=10630 ed=0xB8 ec=0x38 57=0x0 26=0x0 ptr(4D)=0xA16F
f=10635 ed=0xB8 ec=0x38 57=0x0 26=0x0 ptr(4D)=0xA170
f=10640 ed=0xB8 ec=0x38 57=0x0 26=0x0 ptr(4D)=0xA171
f=10645 ed=0xB8 ec=0x38 57=0x0 26=0x0 ptr(4D)=0xA172
f=10650 ed=0xB8 ec=0x38 57=0x0 26=0x0 ptr(4D)=0xA173
f=10655 ed=0xB8 ec=0x38 57=0x0 26=0x0 ptr(4D)=0xA174
f=10660 ed=0xB8 ec=0x38 57=0x0 26=0x0 ptr(4D)=0xA175
f=10665 ed=0xB8 ec=0x38 57=0x0 26=0x0 ptr(4D)=0xA176
f=10670 ed=0xB8 ec=0x38 57=0x0 26=0x0 ptr(4D)=0xA177
f=10675 ed=0xB8 ec=0x38 57=0x0 26=0x0 ptr(4D)=0xA178
f=10680 ed=0xB8 ec=0x38 57=0x0 26=0x0 ptr(4D)=0xA179
f=10685 ed=0xB8 ec=0x38 57=0x0 26=0x0 ptr(4D)=0xA17A
f=10690 ed=0xB8 ec=0x38 57=0x0 26=0x0 ptr(4D)=0xA17B
f=10694 ed=0xB8 ec=0x38 57=0x0 26=0x0 ptr(4D)=0xA17C
f=10699 ed=0xB8 ec=0x38 57=0x0 26=0x0 ptr(4D)=0xA17D
f=10704 ed=0xB8 ec=0x38 57=0x0 26=0x0 ptr(4D)=0xA17E
f=10709 ed=0xB8 ec=0x38 57=0x0 26=0x0 ptr(4D)=0xA17F
f=10714 ed=0xB8 ec=0x38 57=0x0 26=0x0 ptr(4D)=0xA180
f=10718 ed=0xB8 ec=0x38 57=0x0 26=0x0 ptr(4D)=0xA181
f=10778 ed=0xB8 ec=0x38 57=0x0 26=0x0 ptr(4D)=0xA182
f=10793 ed=0xB8 ec=0x38 57=0x0 26=0x0 ptr(4D)=0xA183
f=10797 ed=0xB8 ec=0x38 57=0x0 26=0x0 ptr(4D)=0xA187
f=10802 ed=0xB8 ec=0x38 57=0x0 26=0x0 ptr(4D)=0xA18E
f=10819 ed=0xB8 ec=0x38 57=0x0 26=0x0 ptr(4D)=0xA192
f=10821 ed=0xB8 ec=0x38 57=0x0 26=0x0 ptr(4D)=0xA193
f=10823 ed=0xB8 ec=0x38 57=0x0 26=0x0 ptr(4D)=0xA194
f=10825 ed=0xB8 ec=0x38 57=0x0 26=0x0 ptr(4D)=0xA195
f=10827 ed=0xB8 ec=0x38 57=0x0 26=0x0 ptr(4D)=0xA196
f=10829 ed=0xB8 ec=0x38 57=0x0 26=0x0 ptr(4D)=0xA197
f=10831 ed=0xB8 ec=0x38 57=0x0 26=0x0 ptr(4D)=0xA198
f=10833 ed=0xB8 ec=0x38 57=0x0 26=0x0 ptr(4D)=0xA199
f=10835 ed=0xB8 ec=0x38 57=0x0 26=0x0 ptr(4D)=0xA19A
f=10837 ed=0xB8 ec=0x38 57=0x0 26=0x0 ptr(4D)=0xA19B
f=10839 ed=0xB8 ec=0x38 57=0x0 26=0x0 ptr(4D)=0xA19C
f=10843 ed=0xB8 ec=0x38 57=0x0 26=0x0 ptr(4D)=0xA19D
f=10845 ed=0xB8 ec=0x38 57=0x0 26=0x0 ptr(4D)=0xA19E
f=10847 ed=0xB8 ec=0x38 57=0x0 26=0x0 ptr(4D)=0xA19F
f=10849 ed=0xB8 ec=0x38 57=0x0 26=0x0 ptr(4D)=0xA1A0
f=10851 ed=0xB8 ec=0x38 57=0x0 26=0x0 ptr(4D)=0xA1A1
f=10853 ed=0xB8 ec=0x38 57=0x0 26=0x0 ptr(4D)=0xA1A2
f=10855 ed=0xB8 ec=0x38 57=0x0 26=0x0 ptr(4D)=0xA1A3
f=10857 ed=0xB8 ec=0x38 57=0x0 26=0x0 ptr(4D)=0xA1A4
f=10859 ed=0xB8 ec=0x38 57=0x0 26=0x0 ptr(4D)=0xA1A5
f=10861 ed=0xB8 ec=0x38 57=0x0 26=0x0 ptr(4D)=0xA1A6
f=10863 ed=0xB8 ec=0x38 57=0x0 26=0x0 ptr(4D)=0xA1A7
f=10865 ed=0xB8 ec=0x38 57=0x0 26=0x0 ptr(4D)=0xA1A8
f=10867 ed=0xB8 ec=0x38 57=0x0 26=0x0 ptr(4D)=0xA1A9
f=10871 ed=0xB8 ec=0x38 57=0x0 26=0x0 ptr(4D)=0xA1AA
f=10887 ed=0xB8 ec=0x38 57=0x0 26=0x0 ptr(4D)=0xA1AC
f=11007 ed=0xB8 ec=0x38 57=0x0 26=0x0 ptr(4D)=0xA1AD
f=11022 ed=0xB8 ec=0x38 57=0x0 26=0x0 ptr(4D)=0xA1AE
f=11026 ed=0xB8 ec=0x38 57=0x0 26=0x0 ptr(4D)=0xA1B3
f=11053 ed=0xB8 ec=0x38 57=0x0 26=0x0 ptr(4D)=0xA1BA
f=11054 ed=0xB8 ec=0x38 57=0x0 26=0x0 ptr(4D)=0xA1C0
f=11059 ed=0xB8 ec=0x38 57=0x0 26=0x0 ptr(4D)=0xA1C1
f=11064 ed=0xB8 ec=0x38 57=0x0 26=0x0 ptr(4D)=0xA1C2
f=11069 ed=0xB8 ec=0x38 57=0x0 26=0x0 ptr(4D)=0xA1C3
f=11074 ed=0xB8 ec=0x38 57=0x0 26=0x0 ptr(4D)=0xA1C4
f=11079 ed=0xB8 ec=0x38 57=0x0 26=0x0 ptr(4D)=0xA1C5
f=11084 ed=0xB8 ec=0x38 57=0x0 26=0x0 ptr(4D)=0xA1C6
f=11089 ed=0xB8 ec=0x38 57=0x0 26=0x0 ptr(4D)=0xA1C7
f=11094 ed=0xB8 ec=0x38 57=0x0 26=0x0 ptr(4D)=0xA1C8
f=11099 ed=0xB8 ec=0x38 57=0x0 26=0x0 ptr(4D)=0xA1C9
f=11104 ed=0xB8 ec=0x38 57=0x0 26=0x0 ptr(4D)=0xA1CC
f=11109 ed=0xB8 ec=0x38 57=0x0 26=0x0 ptr(4D)=0xA1CD
f=11114 ed=0xB8 ec=0x38 57=0x0 26=0x0 ptr(4D)=0xA1CE
f=11119 ed=0xB8 ec=0x38 57=0x0 26=0x0 ptr(4D)=0xA1CF
f=11124 ed=0xB8 ec=0x38 57=0x0 26=0x0 ptr(4D)=0xA1D0
f=11129 ed=0xB8 ec=0x38 57=0x0 26=0x0 ptr(4D)=0xA1D1
f=11134 ed=0xB8 ec=0x38 57=0x0 26=0x0 ptr(4D)=0xA1D2
f=11139 ed=0xB8 ec=0x38 57=0x0 26=0x0 ptr(4D)=0xA1D3
f=11144 ed=0xB8 ec=0x38 57=0x0 26=0x0 ptr(4D)=0xA1D4
f=11148 ed=0xB8 ec=0x38 57=0x0 26=0x0 ptr(4D)=0xA1D5
f=11188 ed=0xB8 ec=0x38 57=0x0 26=0x0 ptr(4D)=0xA1D6
f=11193 ed=0xB8 ec=0x38 57=0x0 26=0x0 ptr(4D)=0xA1D7
f=11198 ed=0xB8 ec=0x38 57=0x0 26=0x0 ptr(4D)=0xA1D8
f=11203 ed=0xB8 ec=0x38 57=0x0 26=0x0 ptr(4D)=0xA1D9
f=11208 ed=0xB8 ec=0x38 57=0x0 26=0x0 ptr(4D)=0xA1DA
f=11213 ed=0xB8 ec=0x38 57=0x0 26=0x0 ptr(4D)=0xA1DB
f=11218 ed=0xB8 ec=0x38 57=0x0 26=0x0 ptr(4D)=0xA1DC
f=11223 ed=0xB8 ec=0x38 57=0x0 26=0x0 ptr(4D)=0xA1DD
f=11228 ed=0xB8 ec=0x38 57=0x0 26=0x0 ptr(4D)=0xA1DE
f=11233 ed=0xB8 ec=0x38 57=0x0 26=0x0 ptr(4D)=0xA1DF
f=11238 ed=0xB8 ec=0x38 57=0x0 26=0x0 ptr(4D)=0xA1E0
f=11243 ed=0xB8 ec=0x38 57=0x0 26=0x0 ptr(4D)=0xA1E1
f=11248 ed=0xB8 ec=0x38 57=0x0 26=0x0 ptr(4D)=0xA1E2
f=11253 ed=0xB8 ec=0x38 57=0x0 26=0x0 ptr(4D)=0xA1E3
f=11258 ed=0xB8 ec=0x38 57=0x0 26=0x0 ptr(4D)=0xA1E4
f=11262 ed=0xB8 ec=0x38 57=0x0 26=0x0 ptr(4D)=0xA1E5
f=11267 ed=0xB8 ec=0x38 57=0x0 26=0x0 ptr(4D)=0xA1E6
f=11272 ed=0xB8 ec=0x38 57=0x0 26=0x0 ptr(4D)=0xA1E7
f=11277 ed=0xB8 ec=0x38 57=0x0 26=0x0 ptr(4D)=0xA1E8
f=11282 ed=0xB8 ec=0x38 57=0x0 26=0x0 ptr(4D)=0xA1E9
f=11287 ed=0xB8 ec=0x38 57=0x0 26=0x0 ptr(4D)=0xA1EA
f=11292 ed=0xB8 ec=0x38 57=0x0 26=0x0 ptr(4D)=0xA1EB
f=11297 ed=0xB8 ec=0x38 57=0x0 26=0x0 ptr(4D)=0xA1EC
f=11302 ed=0xB8 ec=0x38 57=0x0 26=0x0 ptr(4D)=0xA1ED
f=11307 ed=0xB8 ec=0x38 57=0x0 26=0x0 ptr(4D)=0xA1EE
f=11312 ed=0xB8 ec=0x38 57=0x0 26=0x0 ptr(4D)=0xA1EF
f=11317 ed=0xB8 ec=0x38 57=0x0 26=0x0 ptr(4D)=0xA1F0
f=11322 ed=0xB8 ec=0x38 57=0x0 26=0x0 ptr(4D)=0xA1F1
f=11327 ed=0xB8 ec=0x38 57=0x0 26=0x0 ptr(4D)=0xA1F2
f=11332 ed=0xB8 ec=0x38 57=0x0 26=0x0 ptr(4D)=0xA1F3
f=11337 ed=0xB8 ec=0x38 57=0x0 26=0x0 ptr(4D)=0xA1F4
f=11341 ed=0xB8 ec=0x38 57=0x0 26=0x0 ptr(4D)=0xA1F5
f=11346 ed=0xB8 ec=0x38 57=0x0 26=0x0 ptr(4D)=0xA1F6
f=11351 ed=0xB8 ec=0x38 57=0x0 26=0x0 ptr(4D)=0xA1F7
f=11356 ed=0xB8 ec=0x38 57=0x0 26=0x0 ptr(4D)=0xA1F8
f=11361 ed=0xB8 ec=0x38 57=0x0 26=0x0 ptr(4D)=0xA1F9
f=11366 ed=0xB8 ec=0x38 57=0x0 26=0x0 ptr(4D)=0xA1FA
f=11371 ed=0xB8 ec=0x38 57=0x0 26=0x0 ptr(4D)=0xA1FB
f=11376 ed=0xB8 ec=0x38 57=0x0 26=0x0 ptr(4D)=0xA1FC
f=11381 ed=0xB8 ec=0x38 57=0x0 26=0x0 ptr(4D)=0xA1FD
f=11386 ed=0xB8 ec=0x38 57=0x0 26=0x0 ptr(4D)=0xA1FE
f=11391 ed=0xB8 ec=0x38 57=0x0 26=0x0 ptr(4D)=0xA1FF
f=11396 ed=0xB8 ec=0x38 57=0x0 26=0x0 ptr(4D)=0xA200
f=11400 ed=0xB8 ec=0x38 57=0x0 26=0x0 ptr(4D)=0xA201
f=11460 ed=0xB8 ec=0x38 57=0x0 26=0x0 ptr(4D)=0xA202
f=11475 ed=0xB8 ec=0x38 57=0x0 26=0x0 ptr(4D)=0xA203
f=11479 ed=0xB8 ec=0x38 57=0x0 26=0x0 ptr(4D)=0xA207
f=11484 ed=0xB8 ec=0x38 57=0x0 26=0x0 ptr(4D)=0xA20E
f=11501 ed=0xB8 ec=0x38 57=0x0 26=0x0 ptr(4D)=0xA212
f=11502 ed=0xB8 ec=0x38 57=0x0 26=0x0 ptr(4D)=0xA213
f=11503 ed=0xB8 ec=0x38 57=0x0 26=0x0 ptr(4D)=0xA214
f=11504 ed=0xB8 ec=0x38 57=0x0 26=0x0 ptr(4D)=0xA215
f=11505 ed=0xB8 ec=0x38 57=0x0 26=0x0 ptr(4D)=0xA216
f=11506 ed=0xB8 ec=0x38 57=0x0 26=0x0 ptr(4D)=0xA217
f=11507 ed=0xB8 ec=0x38 57=0x0 26=0x0 ptr(4D)=0xA218
f=11508 ed=0xB8 ec=0x38 57=0x0 26=0x0 ptr(4D)=0xA219
f=11509 ed=0xB8 ec=0x38 57=0x0 26=0x0 ptr(4D)=0xA21A
f=11510 ed=0xB8 ec=0x38 57=0x0 26=0x0 ptr(4D)=0xA21B
f=11511 ed=0xB8 ec=0x38 57=0x0 26=0x0 ptr(4D)=0xA21C
f=11512 ed=0xB8 ec=0x38 57=0x0 26=0x0 ptr(4D)=0xA21D
f=11513 ed=0xB8 ec=0x38 57=0x0 26=0x0 ptr(4D)=0xA21E
f=11517 ed=0xB8 ec=0x38 57=0x0 26=0x0 ptr(4D)=0xA21F
f=11518 ed=0xB8 ec=0x38 57=0x0 26=0x0 ptr(4D)=0xA220
f=11519 ed=0xB8 ec=0x38 57=0x0 26=0x0 ptr(4D)=0xA221
f=11520 ed=0xB8 ec=0x38 57=0x0 26=0x0 ptr(4D)=0xA222
f=11521 ed=0xB8 ec=0x38 57=0x0 26=0x0 ptr(4D)=0xA223
f=11522 ed=0xB8 ec=0x38 57=0x0 26=0x0 ptr(4D)=0xA224
f=11523 ed=0xB8 ec=0x38 57=0x0 26=0x0 ptr(4D)=0xA225
f=11524 ed=0xB8 ec=0x38 57=0x0 26=0x0 ptr(4D)=0xA226
f=11525 ed=0xB8 ec=0x38 57=0x0 26=0x0 ptr(4D)=0xA227
f=11526 ed=0xB8 ec=0x38 57=0x0 26=0x0 ptr(4D)=0xA228
f=11527 ed=0xB8 ec=0x38 57=0x0 26=0x0 ptr(4D)=0xA229
f=11531 ed=0xB8 ec=0x38 57=0x0 26=0x0 ptr(4D)=0xA22A
f=11532 ed=0xB8 ec=0x38 57=0x0 26=0x0 ptr(4D)=0xA22B
f=11533 ed=0xB8 ec=0x38 57=0x0 26=0x0 ptr(4D)=0xA22C
f=11534 ed=0xB8 ec=0x38 57=0x0 26=0x0 ptr(4D)=0xA22D
f=11535 ed=0xB8 ec=0x38 57=0x0 26=0x0 ptr(4D)=0xA22E
f=11536 ed=0xB8 ec=0x38 57=0x0 26=0x0 ptr(4D)=0xA22F
f=11537 ed=0xB8 ec=0x38 57=0x0 26=0x0 ptr(4D)=0xA230
f=11538 ed=0xB8 ec=0x38 57=0x0 26=0x0 ptr(4D)=0xA231
f=11539 ed=0xB8 ec=0x38 57=0x0 26=0x0 ptr(4D)=0xA232
f=11540 ed=0xB8 ec=0x38 57=0x0 26=0x0 ptr(4D)=0xA233
f=11541 ed=0xB8 ec=0x38 57=0x0 26=0x0 ptr(4D)=0xA234
f=11542 ed=0xB8 ec=0x38 57=0x0 26=0x0 ptr(4D)=0xA235
f=11543 ed=0xB8 ec=0x38 57=0x0 26=0x0 ptr(4D)=0xA236
f=11544 ed=0xB8 ec=0x38 57=0x0 26=0x0 ptr(4D)=0xA237
f=11548 ed=0xB8 ec=0x38 57=0x0 26=0x0 ptr(4D)=0xA238
f=11564 ed=0xB8 ec=0x38 57=0x0 26=0x0 ptr(4D)=0xA23A
f=11684 ed=0xB8 ec=0x38 57=0x0 26=0x0 ptr(4D)=0xA23B
f=11699 ed=0xB8 ec=0x38 57=0x0 26=0x0 ptr(4D)=0xA23C
f=11703 ed=0xB8 ec=0x38 57=0x0 26=0x0 ptr(4D)=0xA252
f=11704 ed=0xB8 ec=0x38 57=0x0 26=0x0 ptr(4D)=0xA25A
f=11708 ed=0xB8 ec=0x38 57=0x0 26=0x0 ptr(4D)=0xA268
f=11709 ed=0xB8 ec=0x38 57=0x0 26=0x0 ptr(4D)=0xA26E
f=11713 ed=0xB8 ec=0x38 57=0x0 26=0x0 ptr(4D)=0xA27B
f=11714 ed=0xB8 ec=0x38 57=0x0 26=0x0 ptr(4D)=0xA27D
f=11718 ed=0xB8 ec=0x38 57=0x0 26=0x0 ptr(4D)=0xA28B
f=11719 ed=0xB8 ec=0x38 57=0x0 26=0x0 ptr(4D)=0xA293
f=11723 ed=0xB8 ec=0x38 57=0x0 26=0x0 ptr(4D)=0xA294
f=11740 ed=0xB8 ec=0x38 57=0x0 26=0x0 ptr(4D)=0xA295
f=11760 ed=0xB8 ec=0x38 57=0x0 26=0x0 ptr(4D)=0xA296
f=12000 ed=0xB8 ec=0x38 57=0x0 26=0x0 ptr(4D)=0xA297
f=12240 ed=0xB8 ec=0x38 57=0x0 26=0x0 ptr(4D)=0xA298
f=12256 ed=0xB8 ec=0x38 57=0x0 26=0x0 ptr(4D)=0xA29A
f=12263 ed=0xB8 ec=0x38 57=0x0 26=0x0 ptr(4D)=0xA29B
f=12754 ed=0xB8 ec=0x38 57=0x0 26=0x0 ptr(4D)=0xA29D
f=12994 ed=0xB8 ec=0x38 57=0x0 26=0x0 ptr(4D)=0xA022
f=12996 ed=0xB8 ec=0x38 57=0x0 26=0x0 ptr(4D)=0xA027
f=13013 ed=0xB8 ec=0x38 57=0x0 26=0x0 ptr(4D)=0xA028
f=13253 ed=0xB8 ec=0x38 57=0x0 26=0x0 ptr(4D)=0xA029
f=13268 ed=0xB8 ec=0x38 57=0x0 26=0x0 ptr(4D)=0xA02C
f=13328 ed=0xB8 ec=0x38 57=0x0 26=0x0 ptr(4D)=0xA031
f=13364 ed=0xB8 ec=0x38 57=0x0 26=0x0 ptr(4D)=0xA038
f=13365 ed=0xB8 ec=0x2A 57=0x0 26=0x0 ptr(4D)=0xA040
f=13370 ed=0xB8 ec=0x2A 57=0x0 26=0x0 ptr(4D)=0xA041
f=13375 ed=0xB8 ec=0x2A 57=0x0 26=0x0 ptr(4D)=0xA042
f=13380 ed=0xB8 ec=0x2A 57=0x0 26=0x0 ptr(4D)=0xA043
f=13385 ed=0xB8 ec=0x2A 57=0x0 26=0x0 ptr(4D)=0xA044
f=13390 ed=0xB8 ec=0x2A 57=0x0 26=0x0 ptr(4D)=0xA045
f=13450 ed=0xB8 ec=0x2A 57=0x0 26=0x0 ptr(4D)=0xA046
f=13455 ed=0xB8 ec=0x2A 57=0x0 26=0x0 ptr(4D)=0xA047
f=13460 ed=0xB8 ec=0x2A 57=0x0 26=0x0 ptr(4D)=0xA048
f=13465 ed=0xB8 ec=0x2A 57=0x0 26=0x0 ptr(4D)=0xA049
f=13470 ed=0xB8 ec=0x2A 57=0x0 26=0x0 ptr(4D)=0xA04A
f=13475 ed=0xB8 ec=0x2A 57=0x0 26=0x0 ptr(4D)=0xA04B
f=13480 ed=0xB8 ec=0x2A 57=0x0 26=0x0 ptr(4D)=0xA04C
f=13485 ed=0xB8 ec=0x2A 57=0x0 26=0x0 ptr(4D)=0xA04D
f=13490 ed=0xB8 ec=0x2A 57=0x0 26=0x0 ptr(4D)=0xA04E
f=13495 ed=0xB8 ec=0x2A 57=0x0 26=0x0 ptr(4D)=0xA04F
f=13500 ed=0xB8 ec=0x2A 57=0x0 26=0x0 ptr(4D)=0xA050
f=13505 ed=0xB8 ec=0x2A 57=0x0 26=0x0 ptr(4D)=0xA051
f=13510 ed=0xB8 ec=0x2A 57=0x0 26=0x0 ptr(4D)=0xA052
f=13514 ed=0xB8 ec=0x2A 57=0x0 26=0x0 ptr(4D)=0xA053
f=13519 ed=0xB8 ec=0x2A 57=0x0 26=0x0 ptr(4D)=0xA054
f=13524 ed=0xB8 ec=0x2A 57=0x0 26=0x0 ptr(4D)=0xA055
f=13529 ed=0xB8 ec=0x2A 57=0x0 26=0x0 ptr(4D)=0xA056
f=13534 ed=0xB8 ec=0x2A 57=0x0 26=0x0 ptr(4D)=0xA057
f=13539 ed=0xB8 ec=0x2A 57=0x0 26=0x0 ptr(4D)=0xA058
f=13544 ed=0xB8 ec=0x2A 57=0x0 26=0x0 ptr(4D)=0xA059
f=13549 ed=0xB8 ec=0x2A 57=0x0 26=0x0 ptr(4D)=0xA05A
f=13554 ed=0xB8 ec=0x2A 57=0x0 26=0x0 ptr(4D)=0xA05B
f=13559 ed=0xB8 ec=0x2A 57=0x0 26=0x0 ptr(4D)=0xA05C
f=13564 ed=0xB8 ec=0x2A 57=0x0 26=0x0 ptr(4D)=0xA05D
f=13569 ed=0xB8 ec=0x2A 57=0x0 26=0x0 ptr(4D)=0xA05E
f=13574 ed=0xB8 ec=0x2A 57=0x0 26=0x0 ptr(4D)=0xA05F
f=13579 ed=0xB8 ec=0x2A 57=0x0 26=0x0 ptr(4D)=0xA060
f=13584 ed=0xB8 ec=0x2A 57=0x0 26=0x0 ptr(4D)=0xA061
f=13588 ed=0xB8 ec=0x2A 57=0x0 26=0x0 ptr(4D)=0xA062
f=13593 ed=0xB8 ec=0x2A 57=0x0 26=0x0 ptr(4D)=0xA063
f=13598 ed=0xB8 ec=0x2A 57=0x0 26=0x0 ptr(4D)=0xA064
f=13603 ed=0xB8 ec=0x2A 57=0x0 26=0x0 ptr(4D)=0xA065
f=13608 ed=0xB8 ec=0x2A 57=0x0 26=0x0 ptr(4D)=0xA066
f=13613 ed=0xB8 ec=0x2A 57=0x0 26=0x0 ptr(4D)=0xA067
f=13618 ed=0xB8 ec=0x2A 57=0x0 26=0x0 ptr(4D)=0xA068
f=13623 ed=0xB8 ec=0x2A 57=0x0 26=0x0 ptr(4D)=0xA069
f=13628 ed=0xB8 ec=0x2A 57=0x0 26=0x0 ptr(4D)=0xA06A
f=13633 ed=0xB8 ec=0x2A 57=0x0 26=0x0 ptr(4D)=0xA06B
f=13638 ed=0xB8 ec=0x2A 57=0x0 26=0x0 ptr(4D)=0xA06C
f=13643 ed=0xB8 ec=0x2A 57=0x0 26=0x0 ptr(4D)=0xA06D
f=13647 ed=0xB8 ec=0x2A 57=0x0 26=0x0 ptr(4D)=0xA06E
f=13652 ed=0xB8 ec=0x2A 57=0x0 26=0x0 ptr(4D)=0xA06F
f=13657 ed=0xB8 ec=0x2A 57=0x0 26=0x0 ptr(4D)=0xA070
f=13662 ed=0xB8 ec=0x2A 57=0x0 26=0x0 ptr(4D)=0xA071
f=13667 ed=0xB8 ec=0x2A 57=0x0 26=0x0 ptr(4D)=0xA072
f=13672 ed=0xB8 ec=0x2A 57=0x0 26=0x0 ptr(4D)=0xA073
f=13677 ed=0xB8 ec=0x2A 57=0x0 26=0x0 ptr(4D)=0xA074
f=13682 ed=0xB8 ec=0x2A 57=0x0 26=0x0 ptr(4D)=0xA075
f=13687 ed=0xB8 ec=0x2A 57=0x0 26=0x0 ptr(4D)=0xA076
f=13692 ed=0xB8 ec=0x2A 57=0x0 26=0x0 ptr(4D)=0xA077
f=13697 ed=0xB8 ec=0x2A 57=0x0 26=0x0 ptr(4D)=0xA078
f=13702 ed=0xB8 ec=0x2A 57=0x0 26=0x0 ptr(4D)=0xA079
f=13707 ed=0xB8 ec=0x2A 57=0x0 26=0x0 ptr(4D)=0xA07A
f=13712 ed=0xB8 ec=0x2A 57=0x0 26=0x0 ptr(4D)=0xA07B
f=13717 ed=0xB8 ec=0x2A 57=0x0 26=0x0 ptr(4D)=0xA07C
f=13722 ed=0xB8 ec=0x2A 57=0x0 26=0x0 ptr(4D)=0xA07D
f=13727 ed=0xB8 ec=0x2A 57=0x0 26=0x0 ptr(4D)=0xA07E
f=13731 ed=0xB8 ec=0x2A 57=0x0 26=0x0 ptr(4D)=0xA07F
f=13791 ed=0xB8 ec=0x2A 57=0x0 26=0x0 ptr(4D)=0xA080
f=13806 ed=0xB8 ec=0x2A 57=0x0 26=0x0 ptr(4D)=0xA081
f=13810 ed=0xB8 ec=0x2A 57=0x0 26=0x0 ptr(4D)=0xA087
f=13815 ed=0xB8 ec=0x2A 57=0x0 26=0x0 ptr(4D)=0xA08E
f=13832 ed=0xB8 ec=0x2A 57=0x0 26=0x0 ptr(4D)=0xA092
f=13833 ed=0xB8 ec=0x2A 57=0x0 26=0x0 ptr(4D)=0xA093
f=13834 ed=0xB8 ec=0x2A 57=0x0 26=0x0 ptr(4D)=0xA094
f=13835 ed=0xB8 ec=0x2A 57=0x0 26=0x0 ptr(4D)=0xA095
f=13836 ed=0xB8 ec=0x2A 57=0x0 26=0x0 ptr(4D)=0xA096
f=13837 ed=0xB8 ec=0x2A 57=0x0 26=0x0 ptr(4D)=0xA097
f=13838 ed=0xB8 ec=0x2A 57=0x0 26=0x0 ptr(4D)=0xA098
f=13839 ed=0xB8 ec=0x2A 57=0x0 26=0x0 ptr(4D)=0xA099
f=13840 ed=0xB8 ec=0x2A 57=0x0 26=0x0 ptr(4D)=0xA09A
f=13841 ed=0xB8 ec=0x2A 57=0x0 26=0x0 ptr(4D)=0xA09B
f=13842 ed=0xB8 ec=0x2A 57=0x0 26=0x0 ptr(4D)=0xA09C
f=13843 ed=0xB8 ec=0x2A 57=0x0 26=0x0 ptr(4D)=0xA09D
f=13847 ed=0xB8 ec=0x2A 57=0x0 26=0x0 ptr(4D)=0xA09E
f=13848 ed=0xB8 ec=0x2A 57=0x0 26=0x0 ptr(4D)=0xA09F
f=13849 ed=0xB8 ec=0x2A 57=0x0 26=0x0 ptr(4D)=0xA0A0
f=13850 ed=0xB8 ec=0x2A 57=0x0 26=0x0 ptr(4D)=0xA0A1
f=13851 ed=0xB8 ec=0x2A 57=0x0 26=0x0 ptr(4D)=0xA0A2
f=13852 ed=0xB8 ec=0x2A 57=0x0 26=0x0 ptr(4D)=0xA0A3
f=13853 ed=0xB8 ec=0x2A 57=0x0 26=0x0 ptr(4D)=0xA0A4
f=13854 ed=0xB8 ec=0x2A 57=0x0 26=0x0 ptr(4D)=0xA0A5
f=13855 ed=0xB8 ec=0x2A 57=0x0 26=0x0 ptr(4D)=0xA0A6
f=13856 ed=0xB8 ec=0x2A 57=0x0 26=0x0 ptr(4D)=0xA0A7
f=13860 ed=0xB8 ec=0x2A 57=0x0 26=0x0 ptr(4D)=0xA0A8
f=13861 ed=0xB8 ec=0x2A 57=0x0 26=0x0 ptr(4D)=0xA0A9
f=13862 ed=0xB8 ec=0x2A 57=0x0 26=0x0 ptr(4D)=0xA0AA
f=13863 ed=0xB8 ec=0x2A 57=0x0 26=0x0 ptr(4D)=0xA0AB
f=13864 ed=0xB8 ec=0x2A 57=0x0 26=0x0 ptr(4D)=0xA0AC
f=13865 ed=0xB8 ec=0x2A 57=0x0 26=0x0 ptr(4D)=0xA0AD
f=13866 ed=0xB8 ec=0x2A 57=0x0 26=0x0 ptr(4D)=0xA0AE
f=13867 ed=0xB8 ec=0x2A 57=0x0 26=0x0 ptr(4D)=0xA0AF
f=13868 ed=0xB8 ec=0x2A 57=0x0 26=0x0 ptr(4D)=0xA0B0
f=13869 ed=0xB8 ec=0x2A 57=0x0 26=0x0 ptr(4D)=0xA0B1
f=13870 ed=0xB8 ec=0x2A 57=0x0 26=0x0 ptr(4D)=0xA0B2
f=13871 ed=0xB8 ec=0x2A 57=0x0 26=0x0 ptr(4D)=0xA0B3
f=13872 ed=0xB8 ec=0x2A 57=0x0 26=0x0 ptr(4D)=0xA0B4
f=13876 ed=0xB8 ec=0x2A 57=0x0 26=0x0 ptr(4D)=0xA0B5
f=13892 ed=0xB8 ec=0x2A 57=0x0 26=0x0 ptr(4D)=0xA0B7
f=14012 ed=0xB8 ec=0x2A 57=0x0 26=0x0 ptr(4D)=0xA0B8
f=14027 ed=0xB8 ec=0x2A 57=0x0 26=0x0 ptr(4D)=0xA0B9
f=14031 ed=0xB8 ec=0x2A 57=0x0 26=0x0 ptr(4D)=0xA0BA
f=14049 ed=0xB8 ec=0x2A 57=0x0 26=0x0 ptr(4D)=0xA0C0
f=14050 ed=0xBA ec=0x96 57=0x0 26=0x0 ptr(4D)=0xA0C6
f=14070 ed=0xBA ec=0x96 57=0x0 26=0x0 ptr(4D)=0xA0C9
f=14090 ed=0xBA ec=0x96 57=0x0 26=0x0 ptr(4D)=0xA0CC
f=14110 ed=0xBA ec=0x96 57=0x0 26=0x0 ptr(4D)=0xA0CF
f=14121 ed=0xBA ec=0x96 57=0x0 26=0x0 ptr(4D)=0xA0D5
f=14126 ed=0xBA ec=0x96 57=0x0 26=0x0 ptr(4D)=0xA0D6
f=14131 ed=0xBA ec=0x96 57=0x0 26=0x0 ptr(4D)=0xA0D7
f=14136 ed=0xBA ec=0x96 57=0x0 26=0x0 ptr(4D)=0xA0D8
f=14141 ed=0xBA ec=0x96 57=0x0 26=0x0 ptr(4D)=0xA0D9
f=14146 ed=0xBA ec=0x96 57=0x0 26=0x0 ptr(4D)=0xA0DC
f=14151 ed=0xBA ec=0x96 57=0x0 26=0x0 ptr(4D)=0xA0DD
f=14155 ed=0xBA ec=0x96 57=0x0 26=0x0 ptr(4D)=0xA0DE
f=14160 ed=0xBA ec=0x96 57=0x0 26=0x0 ptr(4D)=0xA0DF
f=14165 ed=0xBA ec=0x96 57=0x0 26=0x0 ptr(4D)=0xA0E0
f=14170 ed=0xBA ec=0x96 57=0x0 26=0x0 ptr(4D)=0xA0E1
f=14175 ed=0xBA ec=0x96 57=0x0 26=0x0 ptr(4D)=0xA0E2
f=14180 ed=0xBA ec=0x96 57=0x0 26=0x0 ptr(4D)=0xA0E3
f=14185 ed=0xBA ec=0x96 57=0x0 26=0x0 ptr(4D)=0xA0E4
f=14190 ed=0xBA ec=0x96 57=0x0 26=0x0 ptr(4D)=0xA0E5
f=14195 ed=0xBA ec=0x96 57=0x0 26=0x0 ptr(4D)=0xA0E6
f=14200 ed=0xBA ec=0x96 57=0x0 26=0x0 ptr(4D)=0xA0E7
f=14205 ed=0xBA ec=0x96 57=0x0 26=0x0 ptr(4D)=0xA0E8
f=14210 ed=0xBA ec=0x96 57=0x0 26=0x0 ptr(4D)=0xA0E9
f=14215 ed=0xBA ec=0x96 57=0x0 26=0x0 ptr(4D)=0xA0EA
f=14220 ed=0xBA ec=0x96 57=0x0 26=0x0 ptr(4D)=0xA0EB
f=14225 ed=0xBA ec=0x96 57=0x0 26=0x0 ptr(4D)=0xA0EC
f=14229 ed=0xBA ec=0x96 57=0x0 26=0x0 ptr(4D)=0xA0ED
f=14269 ed=0xBA ec=0x96 57=0x0 26=0x0 ptr(4D)=0xA0EE
f=14274 ed=0xBA ec=0x96 57=0x0 26=0x0 ptr(4D)=0xA0EF
f=14279 ed=0xBA ec=0x96 57=0x0 26=0x0 ptr(4D)=0xA0F0
f=14284 ed=0xBA ec=0x96 57=0x0 26=0x0 ptr(4D)=0xA0F1
f=14289 ed=0xBA ec=0x96 57=0x0 26=0x0 ptr(4D)=0xA0F2
f=14294 ed=0xBA ec=0x96 57=0x0 26=0x0 ptr(4D)=0xA0F3
f=14299 ed=0xBA ec=0x96 57=0x0 26=0x0 ptr(4D)=0xA0F4
f=14304 ed=0xBA ec=0x96 57=0x0 26=0x0 ptr(4D)=0xA0F5
f=14309 ed=0xBA ec=0x96 57=0x0 26=0x0 ptr(4D)=0xA0F6
f=14314 ed=0xBA ec=0x96 57=0x0 26=0x0 ptr(4D)=0xA0F7
f=14319 ed=0xBA ec=0x96 57=0x0 26=0x0 ptr(4D)=0xA0F8
f=14324 ed=0xBA ec=0x96 57=0x0 26=0x0 ptr(4D)=0xA0F9
f=14329 ed=0xBA ec=0x96 57=0x0 26=0x0 ptr(4D)=0xA0FA
f=14334 ed=0xBA ec=0x96 57=0x0 26=0x0 ptr(4D)=0xA0FB
f=14339 ed=0xBA ec=0x96 57=0x0 26=0x0 ptr(4D)=0xA0FC
f=14343 ed=0xBA ec=0x96 57=0x0 26=0x0 ptr(4D)=0xA0FD
f=14348 ed=0xBA ec=0x96 57=0x0 26=0x0 ptr(4D)=0xA0FE
f=14353 ed=0xBA ec=0x96 57=0x0 26=0x0 ptr(4D)=0xA0FF
f=14358 ed=0xBA ec=0x96 57=0x0 26=0x0 ptr(4D)=0xA100
f=14363 ed=0xBA ec=0x96 57=0x0 26=0x0 ptr(4D)=0xA101
f=14368 ed=0xBA ec=0x96 57=0x0 26=0x0 ptr(4D)=0xA102
f=14373 ed=0xBA ec=0x96 57=0x0 26=0x0 ptr(4D)=0xA103
f=14378 ed=0xBA ec=0x96 57=0x0 26=0x0 ptr(4D)=0xA104
f=14383 ed=0xBA ec=0x96 57=0x0 26=0x0 ptr(4D)=0xA105
f=14388 ed=0xBA ec=0x96 57=0x0 26=0x0 ptr(4D)=0xA106
f=14393 ed=0xBA ec=0x96 57=0x0 26=0x0 ptr(4D)=0xA107
f=14398 ed=0xBA ec=0x96 57=0x0 26=0x0 ptr(4D)=0xA108
f=14402 ed=0xBA ec=0x96 57=0x0 26=0x0 ptr(4D)=0xA109
f=14462 ed=0xBA ec=0x96 57=0x0 26=0x0 ptr(4D)=0xA10C
f=14477 ed=0xBA ec=0x96 57=0x0 26=0x0 ptr(4D)=0xA10D
f=14481 ed=0xBA ec=0x96 57=0x0 26=0x0 ptr(4D)=0xA111
f=14486 ed=0xBA ec=0x96 57=0x0 26=0x0 ptr(4D)=0xA118
f=14503 ed=0xBA ec=0x96 57=0x0 26=0x0 ptr(4D)=0xA11C
f=14505 ed=0xBA ec=0x96 57=0x0 26=0x0 ptr(4D)=0xA11D
f=14507 ed=0xBA ec=0x96 57=0x0 26=0x0 ptr(4D)=0xA11E
f=14509 ed=0xBA ec=0x96 57=0x0 26=0x0 ptr(4D)=0xA11F
f=14511 ed=0xBA ec=0x96 57=0x0 26=0x0 ptr(4D)=0xA120
f=14513 ed=0xBA ec=0x96 57=0x0 26=0x0 ptr(4D)=0xA121
f=14515 ed=0xBA ec=0x96 57=0x0 26=0x0 ptr(4D)=0xA122
f=14517 ed=0xBA ec=0x96 57=0x0 26=0x0 ptr(4D)=0xA123
f=14519 ed=0xBA ec=0x96 57=0x0 26=0x0 ptr(4D)=0xA124
f=14521 ed=0xBA ec=0x96 57=0x0 26=0x0 ptr(4D)=0xA125
f=14523 ed=0xBA ec=0x96 57=0x0 26=0x0 ptr(4D)=0xA126
f=14525 ed=0xBA ec=0x96 57=0x0 26=0x0 ptr(4D)=0xA127
f=14529 ed=0xBA ec=0x96 57=0x0 26=0x0 ptr(4D)=0xA128
f=14531 ed=0xBA ec=0x96 57=0x0 26=0x0 ptr(4D)=0xA129
f=14533 ed=0xBA ec=0x96 57=0x0 26=0x0 ptr(4D)=0xA12A
f=14535 ed=0xBA ec=0x96 57=0x0 26=0x0 ptr(4D)=0xA12B
f=14537 ed=0xBA ec=0x96 57=0x0 26=0x0 ptr(4D)=0xA12C
f=14539 ed=0xBA ec=0x96 57=0x0 26=0x0 ptr(4D)=0xA12D
f=14541 ed=0xBA ec=0x96 57=0x0 26=0x0 ptr(4D)=0xA12E
f=14543 ed=0xBA ec=0x96 57=0x0 26=0x0 ptr(4D)=0xA12F
f=14545 ed=0xBA ec=0x96 57=0x0 26=0x0 ptr(4D)=0xA130
f=14547 ed=0xBA ec=0x96 57=0x0 26=0x0 ptr(4D)=0xA131
f=14549 ed=0xBA ec=0x96 57=0x0 26=0x0 ptr(4D)=0xA132
f=14551 ed=0xBA ec=0x96 57=0x0 26=0x0 ptr(4D)=0xA133
f=14553 ed=0xBA ec=0x96 57=0x0 26=0x0 ptr(4D)=0xA134
f=14557 ed=0xBA ec=0x96 57=0x0 26=0x0 ptr(4D)=0xA135
f=14573 ed=0xBA ec=0x96 57=0x0 26=0x0 ptr(4D)=0xA137
f=14693 ed=0xBA ec=0x96 57=0x0 26=0x0 ptr(4D)=0xA138
f=14708 ed=0xBA ec=0x96 57=0x0 26=0x0 ptr(4D)=0xA139
f=14712 ed=0xBA ec=0x96 57=0x0 26=0x0 ptr(4D)=0xA13E
f=14730 ed=0xBA ec=0x96 57=0x0 26=0x0 ptr(4D)=0xA143
f=14731 ed=0xB8 ec=0x38 57=0x0 26=0x0 ptr(4D)=0xA14B
f=14736 ed=0xB8 ec=0x38 57=0x0 26=0x0 ptr(4D)=0xA14C
f=14741 ed=0xB8 ec=0x38 57=0x0 26=0x0 ptr(4D)=0xA14D
f=14746 ed=0xB8 ec=0x38 57=0x0 26=0x0 ptr(4D)=0xA14E
f=14786 ed=0xB8 ec=0x38 57=0x0 26=0x0 ptr(4D)=0xA151
f=14791 ed=0xB8 ec=0x38 57=0x0 26=0x0 ptr(4D)=0xA152
f=14796 ed=0xB8 ec=0x38 57=0x0 26=0x0 ptr(4D)=0xA153
f=14801 ed=0xB8 ec=0x38 57=0x0 26=0x0 ptr(4D)=0xA154
f=14806 ed=0xB8 ec=0x38 57=0x0 26=0x0 ptr(4D)=0xA155
f=14811 ed=0xB8 ec=0x38 57=0x0 26=0x0 ptr(4D)=0xA156
f=14816 ed=0xB8 ec=0x38 57=0x0 26=0x0 ptr(4D)=0xA157
f=14821 ed=0xB8 ec=0x38 57=0x0 26=0x0 ptr(4D)=0xA158
f=14826 ed=0xB8 ec=0x38 57=0x0 26=0x0 ptr(4D)=0xA159
f=14831 ed=0xB8 ec=0x38 57=0x0 26=0x0 ptr(4D)=0xA15A
f=14835 ed=0xB8 ec=0x38 57=0x0 26=0x0 ptr(4D)=0xA15B
f=14840 ed=0xB8 ec=0x38 57=0x0 26=0x0 ptr(4D)=0xA15C
f=14845 ed=0xB8 ec=0x38 57=0x0 26=0x0 ptr(4D)=0xA15D
f=14850 ed=0xB8 ec=0x38 57=0x0 26=0x0 ptr(4D)=0xA15E
f=14855 ed=0xB8 ec=0x38 57=0x0 26=0x0 ptr(4D)=0xA15F
f=14860 ed=0xB8 ec=0x38 57=0x0 26=0x0 ptr(4D)=0xA160
f=14865 ed=0xB8 ec=0x38 57=0x0 26=0x0 ptr(4D)=0xA161
f=14870 ed=0xB8 ec=0x38 57=0x0 26=0x0 ptr(4D)=0xA162
f=14875 ed=0xB8 ec=0x38 57=0x0 26=0x0 ptr(4D)=0xA163
f=14880 ed=0xB8 ec=0x38 57=0x0 26=0x0 ptr(4D)=0xA166
f=14885 ed=0xB8 ec=0x38 57=0x0 26=0x0 ptr(4D)=0xA167
f=14890 ed=0xB8 ec=0x38 57=0x0 26=0x0 ptr(4D)=0xA168
f=14895 ed=0xB8 ec=0x38 57=0x0 26=0x0 ptr(4D)=0xA169
f=14900 ed=0xB8 ec=0x38 57=0x0 26=0x0 ptr(4D)=0xA16A
f=14905 ed=0xB8 ec=0x38 57=0x0 26=0x0 ptr(4D)=0xA16B
f=14909 ed=0xB8 ec=0x38 57=0x0 26=0x0 ptr(4D)=0xA16C
f=14949 ed=0xB8 ec=0x38 57=0x0 26=0x0 ptr(4D)=0xA16D
f=14954 ed=0xB8 ec=0x38 57=0x0 26=0x0 ptr(4D)=0xA16E
f=14959 ed=0xB8 ec=0x38 57=0x0 26=0x0 ptr(4D)=0xA16F
f=14964 ed=0xB8 ec=0x38 57=0x0 26=0x0 ptr(4D)=0xA170
f=14969 ed=0xB8 ec=0x38 57=0x0 26=0x0 ptr(4D)=0xA171
f=14974 ed=0xB8 ec=0x38 57=0x0 26=0x0 ptr(4D)=0xA172
f=14979 ed=0xB8 ec=0x38 57=0x0 26=0x0 ptr(4D)=0xA173
f=14984 ed=0xB8 ec=0x38 57=0x0 26=0x0 ptr(4D)=0xA174
f=14989 ed=0xB8 ec=0x38 57=0x0 26=0x0 ptr(4D)=0xA175
f=14994 ed=0xB8 ec=0x38 57=0x0 26=0x0 ptr(4D)=0xA176
f=14999 ed=0xB8 ec=0x38 57=0x0 26=0x0 ptr(4D)=0xA177
DONE
